00:23:42 **** Auto Build of configuration Debug for project hdmi1 ****
make pre-build main-build 
a9-linaro-pre-build-step
' '
'Building file: ../src/cf_hdmi.c'
'Invoking: ARM v7 gcc compiler'
arm-none-eabi-gcc -Wall -O0 -g3 -I"D:\BaiduNetdiskDownload\crz01\SoC_HDMI\SoC_HDMI\PS_Embedded_Design.sdk\hdmi1" -I"D:\BaiduNetdiskDownload\crz01\SoC_HDMI\SoC_HDMI\PS_Embedded_Design.sdk\hdmi1\inc" -c -fmessage-length=0 -MT"src/cf_hdmi.o" -mcpu=cortex-a9 -mfpu=vfpv3 -mfloat-abi=softfp -I"D:\BaiduNetdiskDownload\crz01\SoC_HDMI\SoC_HDMI\PS_Embedded_Design.sdk\hdmi1_bsp\ps7_cortexa9_0\include" -MMD -MP -MF"src/cf_hdmi.d" -MT"src/cf_hdmi.o" -o "src/cf_hdmi.o" "../src/cf_hdmi.c"
'Finished building: ../src/cf_hdmi.c'
' '
'Building target: hdmi1.elf'
'Invoking: ARM v7 gcc linker'
arm-none-eabi-gcc -L"D:\BaiduNetdiskDownload\crz01\SoC_HDMI\SoC_HDMI\PS_Embedded_Design.sdk\hdmi1\lib" -mcpu=cortex-a9 -mfpu=vfpv3 -mfloat-abi=softfp -Wl,-build-id=none -specs=Xilinx.spec -Wl,-T -Wl,../src/lscript.ld -L../../hdmi1_bsp/ps7_cortexa9_0/lib -o "hdmi1.elf"  ./src/cf_hdmi.o ./src/main.o ./src/transmitter.o   -lHDMI_ZynqMini-ITXLib -Wl,--start-group,-lxil,-lgcc,-lc,--end-group
'Finished building target: hdmi1.elf'
' '
'Invoking: ARM v7 Print Size'
arm-none-eabi-size hdmi1.elf  |tee "hdmi1.elf.size"
   text	   data	    bss	    dec	    hex	filename
  88221	2812612	  23472	2924305	 2c9f11	hdmi1.elf
'Finished building: hdmi1.elf.size'
' '

00:23:52 Build Finished (took 9s.430ms)

