19:51:20 **** Clean-only build of configuration Debug for project vHDMI ****
make clean 
rm -rf  ./src/cf_hdmi.o ./src/main.o ./src/transmitter.o  ./src/cf_hdmi.d ./src/main.d ./src/transmitter.d  vHDMI.elf.size  vHDMI.elf
' '
19:51:20 **** Clean-only build of project standalone_bsp ****
make -k clean 
rm -f ps7_cortexa9_0/lib/libxil.a
19:51:20 **** Build of project standalone_bsp ****
make -k all 
"Running Make include in ps7_cortexa9_0/libsrc/axivdma_v5_0/src"
make -C ps7_cortexa9_0/libsrc/axivdma_v5_0/src -s include  "SHELL=CMD" "COMPILER=arm-xilinx-eabi-gcc" "ARCHIVER=arm-xilinx-eabi-ar" "COMPILER_FLAGS=  -O2 -c" "EXTRA_COMPILER_FLAGS=-g"
"Running Make include in ps7_cortexa9_0/libsrc/cpu_cortexa9_v2_1/src"
make -C ps7_cortexa9_0/libsrc/cpu_cortexa9_v2_1/src -s include  "SHELL=CMD" "COMPILER=arm-xilinx-eabi-gcc" "ARCHIVER=arm-xilinx-eabi-ar" "COMPILER_FLAGS=  -O2 -c" "EXTRA_COMPILER_FLAGS=-g"
"Running Make include in ps7_cortexa9_0/libsrc/devcfg_v3_2/src"
make -C ps7_cortexa9_0/libsrc/devcfg_v3_2/src -s include  "SHELL=CMD" "COMPILER=arm-xilinx-eabi-gcc" "ARCHIVER=arm-xilinx-eabi-ar" "COMPILER_FLAGS=  -O2 -c" "EXTRA_COMPILER_FLAGS=-g"
"Running Make include in ps7_cortexa9_0/libsrc/dmaps_v2_1/src"
make -C ps7_cortexa9_0/libsrc/dmaps_v2_1/src -s include  "SHELL=CMD" "COMPILER=arm-xilinx-eabi-gcc" "ARCHIVER=arm-xilinx-eabi-ar" "COMPILER_FLAGS=  -O2 -c" "EXTRA_COMPILER_FLAGS=-g"
"Running Make include in ps7_cortexa9_0/libsrc/emacps_v2_2/src"
make -C ps7_cortexa9_0/libsrc/emacps_v2_2/src -s include  "SHELL=CMD" "COMPILER=arm-xilinx-eabi-gcc" "ARCHIVER=arm-xilinx-eabi-ar" "COMPILER_FLAGS=  -O2 -c" "EXTRA_COMPILER_FLAGS=-g"
"Running Make include in ps7_cortexa9_0/libsrc/gpiops_v2_2/src"
make -C ps7_cortexa9_0/libsrc/gpiops_v2_2/src -s include  "SHELL=CMD" "COMPILER=arm-xilinx-eabi-gcc" "ARCHIVER=arm-xilinx-eabi-ar" "COMPILER_FLAGS=  -O2 -c" "EXTRA_COMPILER_FLAGS=-g"
"Running Make include in ps7_cortexa9_0/libsrc/iic_v3_0/src"
make -C ps7_cortexa9_0/libsrc/iic_v3_0/src -s include  "SHELL=CMD" "COMPILER=arm-xilinx-eabi-gcc" "ARCHIVER=arm-xilinx-eabi-ar" "COMPILER_FLAGS=  -O2 -c" "EXTRA_COMPILER_FLAGS=-g"
"Running Make include in ps7_cortexa9_0/libsrc/iicps_v2_3/src"
make -C ps7_cortexa9_0/libsrc/iicps_v2_3/src -s include  "SHELL=CMD" "COMPILER=arm-xilinx-eabi-gcc" "ARCHIVER=arm-xilinx-eabi-ar" "COMPILER_FLAGS=  -O2 -c" "EXTRA_COMPILER_FLAGS=-g"
"Running Make include in ps7_cortexa9_0/libsrc/qspips_v3_1/src"
make -C ps7_cortexa9_0/libsrc/qspips_v3_1/src -s include  "SHELL=CMD" "COMPILER=arm-xilinx-eabi-gcc" "ARCHIVER=arm-xilinx-eabi-ar" "COMPILER_FLAGS=  -O2 -c" "EXTRA_COMPILER_FLAGS=-g"
"Running Make include in ps7_cortexa9_0/libsrc/scugic_v2_1/src"
make -C ps7_cortexa9_0/libsrc/scugic_v2_1/src -s include  "SHELL=CMD" "COMPILER=arm-xilinx-eabi-gcc" "ARCHIVER=arm-xilinx-eabi-ar" "COMPILER_FLAGS=  -O2 -c" "EXTRA_COMPILER_FLAGS=-g"
"Running Make include in ps7_cortexa9_0/libsrc/scutimer_v2_0/src"
make -C ps7_cortexa9_0/libsrc/scutimer_v2_0/src -s include  "SHELL=CMD" "COMPILER=arm-xilinx-eabi-gcc" "ARCHIVER=arm-xilinx-eabi-ar" "COMPILER_FLAGS=  -O2 -c" "EXTRA_COMPILER_FLAGS=-g"
"Running Make include in ps7_cortexa9_0/libsrc/scuwdt_v2_0/src"
make -C ps7_cortexa9_0/libsrc/scuwdt_v2_0/src -s include  "SHELL=CMD" "COMPILER=arm-xilinx-eabi-gcc" "ARCHIVER=arm-xilinx-eabi-ar" "COMPILER_FLAGS=  -O2 -c" "EXTRA_COMPILER_FLAGS=-g"
"Running Make include in ps7_cortexa9_0/libsrc/sdps_v2_3/src"
make -C ps7_cortexa9_0/libsrc/sdps_v2_3/src -s include  "SHELL=CMD" "COMPILER=arm-xilinx-eabi-gcc" "ARCHIVER=arm-xilinx-eabi-ar" "COMPILER_FLAGS=  -O2 -c" "EXTRA_COMPILER_FLAGS=-g"
"Running Make include in ps7_cortexa9_0/libsrc/standalone_v4_2/src"
make -C ps7_cortexa9_0/libsrc/standalone_v4_2/src -s include  "SHELL=CMD" "COMPILER=arm-xilinx-eabi-gcc" "ARCHIVER=arm-xilinx-eabi-ar" "COMPILER_FLAGS=  -O2 -c" "EXTRA_COMPILER_FLAGS=-g"
"Running Make include in ps7_cortexa9_0/libsrc/uartps_v2_2/src"
make -C ps7_cortexa9_0/libsrc/uartps_v2_2/src -s include  "SHELL=CMD" "COMPILER=arm-xilinx-eabi-gcc" "ARCHIVER=arm-xilinx-eabi-ar" "COMPILER_FLAGS=  -O2 -c" "EXTRA_COMPILER_FLAGS=-g"
"Running Make include in ps7_cortexa9_0/libsrc/usbps_v2_2/src"
make -C ps7_cortexa9_0/libsrc/usbps_v2_2/src -s include  "SHELL=CMD" "COMPILER=arm-xilinx-eabi-gcc" "ARCHIVER=arm-xilinx-eabi-ar" "COMPILER_FLAGS=  -O2 -c" "EXTRA_COMPILER_FLAGS=-g"
"Running Make include in ps7_cortexa9_0/libsrc/xadcps_v2_1/src"
make -C ps7_cortexa9_0/libsrc/xadcps_v2_1/src -s include  "SHELL=CMD" "COMPILER=arm-xilinx-eabi-gcc" "ARCHIVER=arm-xilinx-eabi-ar" "COMPILER_FLAGS=  -O2 -c" "EXTRA_COMPILER_FLAGS=-g"
"Running Make libs in ps7_cortexa9_0/libsrc/axivdma_v5_0/src"
make -C ps7_cortexa9_0/libsrc/axivdma_v5_0/src -s libs  "SHELL=CMD" "COMPILER=arm-xilinx-eabi-gcc" "ARCHIVER=arm-xilinx-eabi-ar" "COMPILER_FLAGS=  -O2 -c" "EXTRA_COMPILER_FLAGS=-g"
"Compiling axivdma"
arm-xilinx-eabi-ar: creating ../../../lib/libxil.a
"Running Make libs in ps7_cortexa9_0/libsrc/cpu_cortexa9_v2_1/src"
make -C ps7_cortexa9_0/libsrc/cpu_cortexa9_v2_1/src -s libs  "SHELL=CMD" "COMPILER=arm-xilinx-eabi-gcc" "ARCHIVER=arm-xilinx-eabi-ar" "COMPILER_FLAGS=  -O2 -c" "EXTRA_COMPILER_FLAGS=-g"
"Compiling cpu_cortexa9"
"Running Make libs in ps7_cortexa9_0/libsrc/devcfg_v3_2/src"
make -C ps7_cortexa9_0/libsrc/devcfg_v3_2/src -s libs  "SHELL=CMD" "COMPILER=arm-xilinx-eabi-gcc" "ARCHIVER=arm-xilinx-eabi-ar" "COMPILER_FLAGS=  -O2 -c" "EXTRA_COMPILER_FLAGS=-g"
"Compiling devcfg"
"Running Make libs in ps7_cortexa9_0/libsrc/dmaps_v2_1/src"
make -C ps7_cortexa9_0/libsrc/dmaps_v2_1/src -s libs  "SHELL=CMD" "COMPILER=arm-xilinx-eabi-gcc" "ARCHIVER=arm-xilinx-eabi-ar" "COMPILER_FLAGS=  -O2 -c" "EXTRA_COMPILER_FLAGS=-g"
"Compiling dmaps"
"Running Make libs in ps7_cortexa9_0/libsrc/emacps_v2_2/src"
make -C ps7_cortexa9_0/libsrc/emacps_v2_2/src -s libs  "SHELL=CMD" "COMPILER=arm-xilinx-eabi-gcc" "ARCHIVER=arm-xilinx-eabi-ar" "COMPILER_FLAGS=  -O2 -c" "EXTRA_COMPILER_FLAGS=-g"
"Compiling emacps"
"Running Make libs in ps7_cortexa9_0/libsrc/gpiops_v2_2/src"
make -C ps7_cortexa9_0/libsrc/gpiops_v2_2/src -s libs  "SHELL=CMD" "COMPILER=arm-xilinx-eabi-gcc" "ARCHIVER=arm-xilinx-eabi-ar" "COMPILER_FLAGS=  -O2 -c" "EXTRA_COMPILER_FLAGS=-g"
"Compiling gpiops"
"Running Make libs in ps7_cortexa9_0/libsrc/iic_v3_0/src"
make -C ps7_cortexa9_0/libsrc/iic_v3_0/src -s libs  "SHELL=CMD" "COMPILER=arm-xilinx-eabi-gcc" "ARCHIVER=arm-xilinx-eabi-ar" "COMPILER_FLAGS=  -O2 -c" "EXTRA_COMPILER_FLAGS=-g"
"Compiling iic"
"Running Make libs in ps7_cortexa9_0/libsrc/iicps_v2_3/src"
make -C ps7_cortexa9_0/libsrc/iicps_v2_3/src -s libs  "SHELL=CMD" "COMPILER=arm-xilinx-eabi-gcc" "ARCHIVER=arm-xilinx-eabi-ar" "COMPILER_FLAGS=  -O2 -c" "EXTRA_COMPILER_FLAGS=-g"
"Compiling iicps"
"Running Make libs in ps7_cortexa9_0/libsrc/qspips_v3_1/src"
make -C ps7_cortexa9_0/libsrc/qspips_v3_1/src -s libs  "SHELL=CMD" "COMPILER=arm-xilinx-eabi-gcc" "ARCHIVER=arm-xilinx-eabi-ar" "COMPILER_FLAGS=  -O2 -c" "EXTRA_COMPILER_FLAGS=-g"
"Compiling qspips"
"Running Make libs in ps7_cortexa9_0/libsrc/scugic_v2_1/src"
make -C ps7_cortexa9_0/libsrc/scugic_v2_1/src -s libs  "SHELL=CMD" "COMPILER=arm-xilinx-eabi-gcc" "ARCHIVER=arm-xilinx-eabi-ar" "COMPILER_FLAGS=  -O2 -c" "EXTRA_COMPILER_FLAGS=-g"
"Compiling scugic"
"Running Make libs in ps7_cortexa9_0/libsrc/scutimer_v2_0/src"
make -C ps7_cortexa9_0/libsrc/scutimer_v2_0/src -s libs  "SHELL=CMD" "COMPILER=arm-xilinx-eabi-gcc" "ARCHIVER=arm-xilinx-eabi-ar" "COMPILER_FLAGS=  -O2 -c" "EXTRA_COMPILER_FLAGS=-g"
"Compiling scutimer"
"Running Make libs in ps7_cortexa9_0/libsrc/scuwdt_v2_0/src"
make -C ps7_cortexa9_0/libsrc/scuwdt_v2_0/src -s libs  "SHELL=CMD" "COMPILER=arm-xilinx-eabi-gcc" "ARCHIVER=arm-xilinx-eabi-ar" "COMPILER_FLAGS=  -O2 -c" "EXTRA_COMPILER_FLAGS=-g"
"Compiling scuwdt"
"Running Make libs in ps7_cortexa9_0/libsrc/sdps_v2_3/src"
make -C ps7_cortexa9_0/libsrc/sdps_v2_3/src -s libs  "SHELL=CMD" "COMPILER=arm-xilinx-eabi-gcc" "ARCHIVER=arm-xilinx-eabi-ar" "COMPILER_FLAGS=  -O2 -c" "EXTRA_COMPILER_FLAGS=-g"
"Compiling sdps"
"Running Make libs in ps7_cortexa9_0/libsrc/standalone_v4_2/src"
make -C ps7_cortexa9_0/libsrc/standalone_v4_2/src -s libs  "SHELL=CMD" "COMPILER=arm-xilinx-eabi-gcc" "ARCHIVER=arm-xilinx-eabi-ar" "COMPILER_FLAGS=  -O2 -c" "EXTRA_COMPILER_FLAGS=-g"
"Compiling standalone"
"Running Make libs in ps7_cortexa9_0/libsrc/uartps_v2_2/src"
make -C ps7_cortexa9_0/libsrc/uartps_v2_2/src -s libs  "SHELL=CMD" "COMPILER=arm-xilinx-eabi-gcc" "ARCHIVER=arm-xilinx-eabi-ar" "COMPILER_FLAGS=  -O2 -c" "EXTRA_COMPILER_FLAGS=-g"
"Compiling uartps"
"Running Make libs in ps7_cortexa9_0/libsrc/usbps_v2_2/src"
make -C ps7_cortexa9_0/libsrc/usbps_v2_2/src -s libs  "SHELL=CMD" "COMPILER=arm-xilinx-eabi-gcc" "ARCHIVER=arm-xilinx-eabi-ar" "COMPILER_FLAGS=  -O2 -c" "EXTRA_COMPILER_FLAGS=-g"
"Compiling usbps"
"Running Make libs in ps7_cortexa9_0/libsrc/xadcps_v2_1/src"
make -C ps7_cortexa9_0/libsrc/xadcps_v2_1/src -s libs  "SHELL=CMD" "COMPILER=arm-xilinx-eabi-gcc" "ARCHIVER=arm-xilinx-eabi-ar" "COMPILER_FLAGS=  -O2 -c" "EXTRA_COMPILER_FLAGS=-g"
"Compiling xadcps"
'Finished building libraries'
19:51:32 **** Build of configuration Debug for project vHDMI ****
make all 
'Building file: ../src/cf_hdmi.c'
'Invoking: ARM gcc compiler'
arm-xilinx-eabi-gcc -Wall -O0 -g3 -I"E:\workspace\KXZ7C01\ProductCD\SoC_HDMI\PS_Embedded_Design.sdk\vHDMI\inc" -c -fmessage-length=0 -MT"src/cf_hdmi.o" -I../../standalone_bsp/ps7_cortexa9_0/include -MMD -MP -MF"src/cf_hdmi.d" -MT"src/cf_hdmi.o" -o "src/cf_hdmi.o" "../src/cf_hdmi.c"
'Finished building: ../src/cf_hdmi.c'
' '
'Building file: ../src/main.c'
'Invoking: ARM gcc compiler'
arm-xilinx-eabi-gcc -Wall -O0 -g3 -I"E:\workspace\KXZ7C01\ProductCD\SoC_HDMI\PS_Embedded_Design.sdk\vHDMI\inc" -c -fmessage-length=0 -MT"src/main.o" -I../../standalone_bsp/ps7_cortexa9_0/include -MMD -MP -MF"src/main.d" -MT"src/main.o" -o "src/main.o" "../src/main.c"
'Finished building: ../src/main.c'
' '
'Building file: ../src/transmitter.c'
'Invoking: ARM gcc compiler'
arm-xilinx-eabi-gcc -Wall -O0 -g3 -I"E:\workspace\KXZ7C01\ProductCD\SoC_HDMI\PS_Embedded_Design.sdk\vHDMI\inc" -c -fmessage-length=0 -MT"src/transmitter.o" -I../../standalone_bsp/ps7_cortexa9_0/include -MMD -MP -MF"src/transmitter.d" -MT"src/transmitter.o" -o "src/transmitter.o" "../src/transmitter.c"
'Finished building: ../src/transmitter.c'
' '
'Building target: vHDMI.elf'
'Invoking: ARM gcc linker'
arm-xilinx-eabi-gcc -L"E:\workspace\KXZ7C01\ProductCD\SoC_HDMI\PS_Embedded_Design.sdk\vHDMI\lib" -Wl,-T -Wl,../src/lscript.ld -L../../standalone_bsp/ps7_cortexa9_0/lib -o "vHDMI.elf"  ./src/cf_hdmi.o ./src/main.o ./src/transmitter.o   -lHDMI_ZynqMini-ITXLib -Wl,--start-group,-lxil,-lgcc,-lc,--end-group
'Finished building target: vHDMI.elf'
' '
'Invoking: ARM Print Size'
arm-xilinx-eabi-size vHDMI.elf  |tee "vHDMI.elf.size"
   text	   data	    bss	    dec	    hex	filename
  84357	 704584	  23452	 812393	  c6569	vHDMI.elf
'Finished building: vHDMI.elf.size'
' '
19:52:07 **** Incremental Build of configuration Debug for project vHDMI ****
make all 
make: Nothing to be done for `all'.
19:53:46 **** Incremental Build of configuration Debug for project vHDMI ****
make all 
make: Nothing to be done for `all'.
19:54:56 **** Auto Build of project standalone_bsp ****
make -k all 
"Running Make include in ps7_cortexa9_0/libsrc/axivdma_v5_0/src"
make -C ps7_cortexa9_0/libsrc/axivdma_v5_0/src -s include  "SHELL=CMD" "COMPILER=arm-xilinx-eabi-gcc" "ARCHIVER=arm-xilinx-eabi-ar" "COMPILER_FLAGS=  -O2 -c" "EXTRA_COMPILER_FLAGS=-g"
"Running Make include in ps7_cortexa9_0/libsrc/cpu_cortexa9_v2_1/src"
make -C ps7_cortexa9_0/libsrc/cpu_cortexa9_v2_1/src -s include  "SHELL=CMD" "COMPILER=arm-xilinx-eabi-gcc" "ARCHIVER=arm-xilinx-eabi-ar" "COMPILER_FLAGS=  -O2 -c" "EXTRA_COMPILER_FLAGS=-g"
"Running Make include in ps7_cortexa9_0/libsrc/devcfg_v3_2/src"
make -C ps7_cortexa9_0/libsrc/devcfg_v3_2/src -s include  "SHELL=CMD" "COMPILER=arm-xilinx-eabi-gcc" "ARCHIVER=arm-xilinx-eabi-ar" "COMPILER_FLAGS=  -O2 -c" "EXTRA_COMPILER_FLAGS=-g"
"Running Make include in ps7_cortexa9_0/libsrc/dmaps_v2_1/src"
make -C ps7_cortexa9_0/libsrc/dmaps_v2_1/src -s include  "SHELL=CMD" "COMPILER=arm-xilinx-eabi-gcc" "ARCHIVER=arm-xilinx-eabi-ar" "COMPILER_FLAGS=  -O2 -c" "EXTRA_COMPILER_FLAGS=-g"
"Running Make include in ps7_cortexa9_0/libsrc/emacps_v2_2/src"
make -C ps7_cortexa9_0/libsrc/emacps_v2_2/src -s include  "SHELL=CMD" "COMPILER=arm-xilinx-eabi-gcc" "ARCHIVER=arm-xilinx-eabi-ar" "COMPILER_FLAGS=  -O2 -c" "EXTRA_COMPILER_FLAGS=-g"
"Running Make include in ps7_cortexa9_0/libsrc/gpiops_v2_2/src"
make -C ps7_cortexa9_0/libsrc/gpiops_v2_2/src -s include  "SHELL=CMD" "COMPILER=arm-xilinx-eabi-gcc" "ARCHIVER=arm-xilinx-eabi-ar" "COMPILER_FLAGS=  -O2 -c" "EXTRA_COMPILER_FLAGS=-g"
"Running Make include in ps7_cortexa9_0/libsrc/iic_v3_0/src"
make -C ps7_cortexa9_0/libsrc/iic_v3_0/src -s include  "SHELL=CMD" "COMPILER=arm-xilinx-eabi-gcc" "ARCHIVER=arm-xilinx-eabi-ar" "COMPILER_FLAGS=  -O2 -c" "EXTRA_COMPILER_FLAGS=-g"
"Running Make include in ps7_cortexa9_0/libsrc/iicps_v2_3/src"
make -C ps7_cortexa9_0/libsrc/iicps_v2_3/src -s include  "SHELL=CMD" "COMPILER=arm-xilinx-eabi-gcc" "ARCHIVER=arm-xilinx-eabi-ar" "COMPILER_FLAGS=  -O2 -c" "EXTRA_COMPILER_FLAGS=-g"
"Running Make include in ps7_cortexa9_0/libsrc/qspips_v3_1/src"
make -C ps7_cortexa9_0/libsrc/qspips_v3_1/src -s include  "SHELL=CMD" "COMPILER=arm-xilinx-eabi-gcc" "ARCHIVER=arm-xilinx-eabi-ar" "COMPILER_FLAGS=  -O2 -c" "EXTRA_COMPILER_FLAGS=-g"
"Running Make include in ps7_cortexa9_0/libsrc/scugic_v2_1/src"
make -C ps7_cortexa9_0/libsrc/scugic_v2_1/src -s include  "SHELL=CMD" "COMPILER=arm-xilinx-eabi-gcc" "ARCHIVER=arm-xilinx-eabi-ar" "COMPILER_FLAGS=  -O2 -c" "EXTRA_COMPILER_FLAGS=-g"
"Running Make include in ps7_cortexa9_0/libsrc/scutimer_v2_0/src"
make -C ps7_cortexa9_0/libsrc/scutimer_v2_0/src -s include  "SHELL=CMD" "COMPILER=arm-xilinx-eabi-gcc" "ARCHIVER=arm-xilinx-eabi-ar" "COMPILER_FLAGS=  -O2 -c" "EXTRA_COMPILER_FLAGS=-g"
"Running Make include in ps7_cortexa9_0/libsrc/scuwdt_v2_0/src"
make -C ps7_cortexa9_0/libsrc/scuwdt_v2_0/src -s include  "SHELL=CMD" "COMPILER=arm-xilinx-eabi-gcc" "ARCHIVER=arm-xilinx-eabi-ar" "COMPILER_FLAGS=  -O2 -c" "EXTRA_COMPILER_FLAGS=-g"
"Running Make include in ps7_cortexa9_0/libsrc/sdps_v2_3/src"
make -C ps7_cortexa9_0/libsrc/sdps_v2_3/src -s include  "SHELL=CMD" "COMPILER=arm-xilinx-eabi-gcc" "ARCHIVER=arm-xilinx-eabi-ar" "COMPILER_FLAGS=  -O2 -c" "EXTRA_COMPILER_FLAGS=-g"
"Running Make include in ps7_cortexa9_0/libsrc/standalone_v4_2/src"
make -C ps7_cortexa9_0/libsrc/standalone_v4_2/src -s include  "SHELL=CMD" "COMPILER=arm-xilinx-eabi-gcc" "ARCHIVER=arm-xilinx-eabi-ar" "COMPILER_FLAGS=  -O2 -c" "EXTRA_COMPILER_FLAGS=-g"
"Running Make include in ps7_cortexa9_0/libsrc/uartps_v2_2/src"
make -C ps7_cortexa9_0/libsrc/uartps_v2_2/src -s include  "SHELL=CMD" "COMPILER=arm-xilinx-eabi-gcc" "ARCHIVER=arm-xilinx-eabi-ar" "COMPILER_FLAGS=  -O2 -c" "EXTRA_COMPILER_FLAGS=-g"
"Running Make include in ps7_cortexa9_0/libsrc/usbps_v2_2/src"
make -C ps7_cortexa9_0/libsrc/usbps_v2_2/src -s include  "SHELL=CMD" "COMPILER=arm-xilinx-eabi-gcc" "ARCHIVER=arm-xilinx-eabi-ar" "COMPILER_FLAGS=  -O2 -c" "EXTRA_COMPILER_FLAGS=-g"
"Running Make include in ps7_cortexa9_0/libsrc/xadcps_v2_1/src"
make -C ps7_cortexa9_0/libsrc/xadcps_v2_1/src -s include  "SHELL=CMD" "COMPILER=arm-xilinx-eabi-gcc" "ARCHIVER=arm-xilinx-eabi-ar" "COMPILER_FLAGS=  -O2 -c" "EXTRA_COMPILER_FLAGS=-g"
"Running Make libs in ps7_cortexa9_0/libsrc/axivdma_v5_0/src"
make -C ps7_cortexa9_0/libsrc/axivdma_v5_0/src -s libs  "SHELL=CMD" "COMPILER=arm-xilinx-eabi-gcc" "ARCHIVER=arm-xilinx-eabi-ar" "COMPILER_FLAGS=  -O2 -c" "EXTRA_COMPILER_FLAGS=-g"
"Compiling axivdma"
"Running Make libs in ps7_cortexa9_0/libsrc/cpu_cortexa9_v2_1/src"
make -C ps7_cortexa9_0/libsrc/cpu_cortexa9_v2_1/src -s libs  "SHELL=CMD" "COMPILER=arm-xilinx-eabi-gcc" "ARCHIVER=arm-xilinx-eabi-ar" "COMPILER_FLAGS=  -O2 -c" "EXTRA_COMPILER_FLAGS=-g"
"Compiling cpu_cortexa9"
"Running Make libs in ps7_cortexa9_0/libsrc/devcfg_v3_2/src"
make -C ps7_cortexa9_0/libsrc/devcfg_v3_2/src -s libs  "SHELL=CMD" "COMPILER=arm-xilinx-eabi-gcc" "ARCHIVER=arm-xilinx-eabi-ar" "COMPILER_FLAGS=  -O2 -c" "EXTRA_COMPILER_FLAGS=-g"
"Compiling devcfg"
"Running Make libs in ps7_cortexa9_0/libsrc/dmaps_v2_1/src"
make -C ps7_cortexa9_0/libsrc/dmaps_v2_1/src -s libs  "SHELL=CMD" "COMPILER=arm-xilinx-eabi-gcc" "ARCHIVER=arm-xilinx-eabi-ar" "COMPILER_FLAGS=  -O2 -c" "EXTRA_COMPILER_FLAGS=-g"
"Compiling dmaps"
"Running Make libs in ps7_cortexa9_0/libsrc/emacps_v2_2/src"
make -C ps7_cortexa9_0/libsrc/emacps_v2_2/src -s libs  "SHELL=CMD" "COMPILER=arm-xilinx-eabi-gcc" "ARCHIVER=arm-xilinx-eabi-ar" "COMPILER_FLAGS=  -O2 -c" "EXTRA_COMPILER_FLAGS=-g"
"Compiling emacps"
"Running Make libs in ps7_cortexa9_0/libsrc/gpiops_v2_2/src"
make -C ps7_cortexa9_0/libsrc/gpiops_v2_2/src -s libs  "SHELL=CMD" "COMPILER=arm-xilinx-eabi-gcc" "ARCHIVER=arm-xilinx-eabi-ar" "COMPILER_FLAGS=  -O2 -c" "EXTRA_COMPILER_FLAGS=-g"
"Compiling gpiops"
"Running Make libs in ps7_cortexa9_0/libsrc/iic_v3_0/src"
make -C ps7_cortexa9_0/libsrc/iic_v3_0/src -s libs  "SHELL=CMD" "COMPILER=arm-xilinx-eabi-gcc" "ARCHIVER=arm-xilinx-eabi-ar" "COMPILER_FLAGS=  -O2 -c" "EXTRA_COMPILER_FLAGS=-g"
"Compiling iic"
"Running Make libs in ps7_cortexa9_0/libsrc/iicps_v2_3/src"
make -C ps7_cortexa9_0/libsrc/iicps_v2_3/src -s libs  "SHELL=CMD" "COMPILER=arm-xilinx-eabi-gcc" "ARCHIVER=arm-xilinx-eabi-ar" "COMPILER_FLAGS=  -O2 -c" "EXTRA_COMPILER_FLAGS=-g"
"Compiling iicps"
"Running Make libs in ps7_cortexa9_0/libsrc/qspips_v3_1/src"
make -C ps7_cortexa9_0/libsrc/qspips_v3_1/src -s libs  "SHELL=CMD" "COMPILER=arm-xilinx-eabi-gcc" "ARCHIVER=arm-xilinx-eabi-ar" "COMPILER_FLAGS=  -O2 -c" "EXTRA_COMPILER_FLAGS=-g"
"Compiling qspips"
"Running Make libs in ps7_cortexa9_0/libsrc/scugic_v2_1/src"
make -C ps7_cortexa9_0/libsrc/scugic_v2_1/src -s libs  "SHELL=CMD" "COMPILER=arm-xilinx-eabi-gcc" "ARCHIVER=arm-xilinx-eabi-ar" "COMPILER_FLAGS=  -O2 -c" "EXTRA_COMPILER_FLAGS=-g"
"Compiling scugic"
"Running Make libs in ps7_cortexa9_0/libsrc/scutimer_v2_0/src"
make -C ps7_cortexa9_0/libsrc/scutimer_v2_0/src -s libs  "SHELL=CMD" "COMPILER=arm-xilinx-eabi-gcc" "ARCHIVER=arm-xilinx-eabi-ar" "COMPILER_FLAGS=  -O2 -c" "EXTRA_COMPILER_FLAGS=-g"
"Compiling scutimer"
"Running Make libs in ps7_cortexa9_0/libsrc/scuwdt_v2_0/src"
make -C ps7_cortexa9_0/libsrc/scuwdt_v2_0/src -s libs  "SHELL=CMD" "COMPILER=arm-xilinx-eabi-gcc" "ARCHIVER=arm-xilinx-eabi-ar" "COMPILER_FLAGS=  -O2 -c" "EXTRA_COMPILER_FLAGS=-g"
"Compiling scuwdt"
"Running Make libs in ps7_cortexa9_0/libsrc/sdps_v2_3/src"
make -C ps7_cortexa9_0/libsrc/sdps_v2_3/src -s libs  "SHELL=CMD" "COMPILER=arm-xilinx-eabi-gcc" "ARCHIVER=arm-xilinx-eabi-ar" "COMPILER_FLAGS=  -O2 -c" "EXTRA_COMPILER_FLAGS=-g"
"Compiling sdps"
"Running Make libs in ps7_cortexa9_0/libsrc/standalone_v4_2/src"
make -C ps7_cortexa9_0/libsrc/standalone_v4_2/src -s libs  "SHELL=CMD" "COMPILER=arm-xilinx-eabi-gcc" "ARCHIVER=arm-xilinx-eabi-ar" "COMPILER_FLAGS=  -O2 -c" "EXTRA_COMPILER_FLAGS=-g"
"Compiling standalone"
"Running Make libs in ps7_cortexa9_0/libsrc/uartps_v2_2/src"
make -C ps7_cortexa9_0/libsrc/uartps_v2_2/src -s libs  "SHELL=CMD" "COMPILER=arm-xilinx-eabi-gcc" "ARCHIVER=arm-xilinx-eabi-ar" "COMPILER_FLAGS=  -O2 -c" "EXTRA_COMPILER_FLAGS=-g"
"Compiling uartps"
"Running Make libs in ps7_cortexa9_0/libsrc/usbps_v2_2/src"
make -C ps7_cortexa9_0/libsrc/usbps_v2_2/src -s libs  "SHELL=CMD" "COMPILER=arm-xilinx-eabi-gcc" "ARCHIVER=arm-xilinx-eabi-ar" "COMPILER_FLAGS=  -O2 -c" "EXTRA_COMPILER_FLAGS=-g"
"Compiling usbps"
"Running Make libs in ps7_cortexa9_0/libsrc/xadcps_v2_1/src"
make -C ps7_cortexa9_0/libsrc/xadcps_v2_1/src -s libs  "SHELL=CMD" "COMPILER=arm-xilinx-eabi-gcc" "ARCHIVER=arm-xilinx-eabi-ar" "COMPILER_FLAGS=  -O2 -c" "EXTRA_COMPILER_FLAGS=-g"
"Compiling xadcps"
'Finished building libraries'
19:55:07 **** Auto Build of configuration Debug for project vHDMI ****
make all 
'Building file: ../src/cf_hdmi.c'
'Invoking: ARM gcc compiler'
arm-xilinx-eabi-gcc -Wall -O0 -g3 -I"E:\workspace\KXZ7C01\ProductCD\SoC_HDMI\PS_Embedded_Design.sdk\vHDMI\inc" -c -fmessage-length=0 -MT"src/cf_hdmi.o" -I../../standalone_bsp/ps7_cortexa9_0/include -MMD -MP -MF"src/cf_hdmi.d" -MT"src/cf_hdmi.o" -o "src/cf_hdmi.o" "../src/cf_hdmi.c"
'Finished building: ../src/cf_hdmi.c'
' '
'Building file: ../src/main.c'
'Invoking: ARM gcc compiler'
arm-xilinx-eabi-gcc -Wall -O0 -g3 -I"E:\workspace\KXZ7C01\ProductCD\SoC_HDMI\PS_Embedded_Design.sdk\vHDMI\inc" -c -fmessage-length=0 -MT"src/main.o" -I../../standalone_bsp/ps7_cortexa9_0/include -MMD -MP -MF"src/main.d" -MT"src/main.o" -o "src/main.o" "../src/main.c"
'Finished building: ../src/main.c'
' '
'Building file: ../src/transmitter.c'
'Invoking: ARM gcc compiler'
arm-xilinx-eabi-gcc -Wall -O0 -g3 -I"E:\workspace\KXZ7C01\ProductCD\SoC_HDMI\PS_Embedded_Design.sdk\vHDMI\inc" -c -fmessage-length=0 -MT"src/transmitter.o" -I../../standalone_bsp/ps7_cortexa9_0/include -MMD -MP -MF"src/transmitter.d" -MT"src/transmitter.o" -o "src/transmitter.o" "../src/transmitter.c"
'Finished building: ../src/transmitter.c'
' '
'Building target: vHDMI.elf'
'Invoking: ARM gcc linker'
arm-xilinx-eabi-gcc -L"E:\workspace\KXZ7C01\ProductCD\SoC_HDMI\PS_Embedded_Design.sdk\vHDMI\lib" -Wl,-T -Wl,../src/lscript.ld -L../../standalone_bsp/ps7_cortexa9_0/lib -o "vHDMI.elf"  ./src/cf_hdmi.o ./src/main.o ./src/transmitter.o   -lHDMI_ZynqMini-ITXLib -Wl,--start-group,-lxil,-lgcc,-lc,--end-group
'Finished building target: vHDMI.elf'
' '
'Invoking: ARM Print Size'
arm-xilinx-eabi-size vHDMI.elf  |tee "vHDMI.elf.size"
   text	   data	    bss	    dec	    hex	filename
  84357	 704584	  23452	 812393	  c6569	vHDMI.elf
'Finished building: vHDMI.elf.size'
' '
19:55:19 **** Incremental Build of configuration Debug for project vHDMI ****
make all 
make: Nothing to be done for `all'.
19:55:46 **** Incremental Build of configuration Debug for project vHDMI ****
make all 
make: Nothing to be done for `all'.
19:56:34 **** Incremental Build of configuration Debug for project vHDMI ****
make all 
make: Nothing to be done for `all'.
20:48:00 **** Auto Build of configuration Debug for project vHDMI ****
make all 
'Building file: ../src/cf_hdmi.c'
'Invoking: ARM gcc compiler'
arm-xilinx-eabi-gcc -Wall -O0 -g3 -I"E:\workspace\KXZ7C01\ProductCD\SoC_HDMI\PS_Embedded_Design.sdk\vHDMI\inc" -c -fmessage-length=0 -MT"src/cf_hdmi.o" -I../../standalone_bsp/ps7_cortexa9_0/include -MMD -MP -MF"src/cf_hdmi.d" -MT"src/cf_hdmi.o" -o "src/cf_hdmi.o" "../src/cf_hdmi.c"
../src/cf_hdmi.c: In function 'DDRVideoWr':
../src/cf_hdmi.c:143:31: error: 'pixel' undeclared (first use in this function)
    Xil_Out32((VIDEO_BASEADDR+(pixel*4)), (color_r<<16) |  (color_g<<8) | color_b );
                               ^
../src/cf_hdmi.c:143:31: note: each undeclared identifier is reported only once for each function it appears in
../src/cf_hdmi.c:132:17: warning: variable 'index' set but not used [-Wunused-but-set-variable]
  unsigned long  index      = 0;
                 ^
In file included from ../src/cf_hdmi.c:48:0:
../src/cf_hdmi.c: At top level:
../src/cf_hdmi_demo.h:42:12: warning: 'IMG_DATA' defined but not used [-Wunused-variable]
 static u32 IMG_DATA[] = {
            ^
make: *** [src/cf_hdmi.o] 错误 1
20:48:20 **** Auto Build of configuration Debug for project vHDMI ****
make all 
'Building file: ../src/cf_hdmi.c'
'Invoking: ARM gcc compiler'
arm-xilinx-eabi-gcc -Wall -O0 -g3 -I"E:\workspace\KXZ7C01\ProductCD\SoC_HDMI\PS_Embedded_Design.sdk\vHDMI\inc" -c -fmessage-length=0 -MT"src/cf_hdmi.o" -I../../standalone_bsp/ps7_cortexa9_0/include -MMD -MP -MF"src/cf_hdmi.d" -MT"src/cf_hdmi.o" -o "src/cf_hdmi.o" "../src/cf_hdmi.c"
In file included from ../src/cf_hdmi.c:48:0:
../src/cf_hdmi_demo.h:42:12: warning: 'IMG_DATA' defined but not used [-Wunused-variable]
 static u32 IMG_DATA[] = {
            ^
'Finished building: ../src/cf_hdmi.c'
' '
'Building target: vHDMI.elf'
'Invoking: ARM gcc linker'
arm-xilinx-eabi-gcc -L"E:\workspace\KXZ7C01\ProductCD\SoC_HDMI\PS_Embedded_Design.sdk\vHDMI\lib" -Wl,-T -Wl,../src/lscript.ld -L../../standalone_bsp/ps7_cortexa9_0/lib -o "vHDMI.elf"  ./src/cf_hdmi.o ./src/main.o ./src/transmitter.o   -lHDMI_ZynqMini-ITXLib -Wl,--start-group,-lxil,-lgcc,-lc,--end-group
'Finished building target: vHDMI.elf'
' '
'Invoking: ARM Print Size'
arm-xilinx-eabi-size vHDMI.elf  |tee "vHDMI.elf.size"
   text	   data	    bss	    dec	    hex	filename
  84229	 704584	  23452	 812265	  c64e9	vHDMI.elf
'Finished building: vHDMI.elf.size'
' '
20:48:56 **** Incremental Build of configuration Debug for project vHDMI ****
make all 
make: Nothing to be done for `all'.
20:49:46 **** Auto Build of configuration Debug for project vHDMI ****
make all 
'Building file: ../src/cf_hdmi.c'
'Invoking: ARM gcc compiler'
arm-xilinx-eabi-gcc -Wall -O0 -g3 -I"E:\workspace\KXZ7C01\ProductCD\SoC_HDMI\PS_Embedded_Design.sdk\vHDMI\inc" -c -fmessage-length=0 -MT"src/cf_hdmi.o" -I../../standalone_bsp/ps7_cortexa9_0/include -MMD -MP -MF"src/cf_hdmi.d" -MT"src/cf_hdmi.o" -o "src/cf_hdmi.o" "../src/cf_hdmi.c"
In file included from ../src/cf_hdmi.c:48:0:
../src/cf_hdmi_demo.h:42:12: warning: 'IMG_DATA' defined but not used [-Wunused-variable]
 static u32 IMG_DATA[] = {
            ^
'Finished building: ../src/cf_hdmi.c'
' '
'Building target: vHDMI.elf'
'Invoking: ARM gcc linker'
arm-xilinx-eabi-gcc -L"E:\workspace\KXZ7C01\ProductCD\SoC_HDMI\PS_Embedded_Design.sdk\vHDMI\lib" -Wl,-T -Wl,../src/lscript.ld -L../../standalone_bsp/ps7_cortexa9_0/lib -o "vHDMI.elf"  ./src/cf_hdmi.o ./src/main.o ./src/transmitter.o   -lHDMI_ZynqMini-ITXLib -Wl,--start-group,-lxil,-lgcc,-lc,--end-group
'Finished building target: vHDMI.elf'
' '
'Invoking: ARM Print Size'
arm-xilinx-eabi-size vHDMI.elf  |tee "vHDMI.elf.size"
   text	   data	    bss	    dec	    hex	filename
  84229	 704584	  23452	 812265	  c64e9	vHDMI.elf
'Finished building: vHDMI.elf.size'
' '
20:50:00 **** Incremental Build of configuration Debug for project vHDMI ****
make all 
make: Nothing to be done for `all'.
20:50:46 **** Incremental Build of configuration Debug for project vHDMI ****
make all 
make: Nothing to be done for `all'.
20:51:45 **** Auto Build of configuration Debug for project vHDMI ****
make all 
'Building file: ../src/cf_hdmi.c'
'Invoking: ARM gcc compiler'
arm-xilinx-eabi-gcc -Wall -O0 -g3 -I"E:\workspace\KXZ7C01\ProductCD\SoC_HDMI\PS_Embedded_Design.sdk\vHDMI\inc" -c -fmessage-length=0 -MT"src/cf_hdmi.o" -I../../standalone_bsp/ps7_cortexa9_0/include -MMD -MP -MF"src/cf_hdmi.d" -MT"src/cf_hdmi.o" -o "src/cf_hdmi.o" "../src/cf_hdmi.c"
In file included from ../src/cf_hdmi.c:48:0:
../src/cf_hdmi_demo.h:42:12: warning: 'IMG_DATA' defined but not used [-Wunused-variable]
 static u32 IMG_DATA[] = {
            ^
'Finished building: ../src/cf_hdmi.c'
' '
'Building target: vHDMI.elf'
'Invoking: ARM gcc linker'
arm-xilinx-eabi-gcc -L"E:\workspace\KXZ7C01\ProductCD\SoC_HDMI\PS_Embedded_Design.sdk\vHDMI\lib" -Wl,-T -Wl,../src/lscript.ld -L../../standalone_bsp/ps7_cortexa9_0/lib -o "vHDMI.elf"  ./src/cf_hdmi.o ./src/main.o ./src/transmitter.o   -lHDMI_ZynqMini-ITXLib -Wl,--start-group,-lxil,-lgcc,-lc,--end-group
'Finished building target: vHDMI.elf'
' '
'Invoking: ARM Print Size'
arm-xilinx-eabi-size vHDMI.elf  |tee "vHDMI.elf.size"
   text	   data	    bss	    dec	    hex	filename
  84229	 704584	  23452	 812265	  c64e9	vHDMI.elf
'Finished building: vHDMI.elf.size'
' '
20:52:03 **** Auto Build of configuration Debug for project vHDMI ****
make all 
'Building file: ../src/cf_hdmi.c'
'Invoking: ARM gcc compiler'
arm-xilinx-eabi-gcc -Wall -O0 -g3 -I"E:\workspace\KXZ7C01\ProductCD\SoC_HDMI\PS_Embedded_Design.sdk\vHDMI\inc" -c -fmessage-length=0 -MT"src/cf_hdmi.o" -I../../standalone_bsp/ps7_cortexa9_0/include -MMD -MP -MF"src/cf_hdmi.d" -MT"src/cf_hdmi.o" -o "src/cf_hdmi.o" "../src/cf_hdmi.c"
In file included from ../src/cf_hdmi.c:48:0:
../src/cf_hdmi_demo.h:42:12: warning: 'IMG_DATA' defined but not used [-Wunused-variable]
 static u32 IMG_DATA[] = {
            ^
'Finished building: ../src/cf_hdmi.c'
' '
'Building target: vHDMI.elf'
'Invoking: ARM gcc linker'
arm-xilinx-eabi-gcc -L"E:\workspace\KXZ7C01\ProductCD\SoC_HDMI\PS_Embedded_Design.sdk\vHDMI\lib" -Wl,-T -Wl,../src/lscript.ld -L../../standalone_bsp/ps7_cortexa9_0/lib -o "vHDMI.elf"  ./src/cf_hdmi.o ./src/main.o ./src/transmitter.o   -lHDMI_ZynqMini-ITXLib -Wl,--start-group,-lxil,-lgcc,-lc,--end-group
'Finished building target: vHDMI.elf'
' '
'Invoking: ARM Print Size'
arm-xilinx-eabi-size vHDMI.elf  |tee "vHDMI.elf.size"
   text	   data	    bss	    dec	    hex	filename
  84229	 704584	  23452	 812265	  c64e9	vHDMI.elf
'Finished building: vHDMI.elf.size'
' '
20:52:32 **** Incremental Build of configuration Debug for project vHDMI ****
make all 
make: Nothing to be done for `all'.
20:53:01 **** Auto Build of configuration Debug for project vHDMI ****
make all 
'Building file: ../src/cf_hdmi.c'
'Invoking: ARM gcc compiler'
arm-xilinx-eabi-gcc -Wall -O0 -g3 -I"E:\workspace\KXZ7C01\ProductCD\SoC_HDMI\PS_Embedded_Design.sdk\vHDMI\inc" -c -fmessage-length=0 -MT"src/cf_hdmi.o" -I../../standalone_bsp/ps7_cortexa9_0/include -MMD -MP -MF"src/cf_hdmi.d" -MT"src/cf_hdmi.o" -o "src/cf_hdmi.o" "../src/cf_hdmi.c"
In file included from ../src/cf_hdmi.c:48:0:
../src/cf_hdmi_demo.h:42:12: warning: 'IMG_DATA' defined but not used [-Wunused-variable]
 static u32 IMG_DATA[] = {
            ^
'Finished building: ../src/cf_hdmi.c'
' '
'Building target: vHDMI.elf'
'Invoking: ARM gcc linker'
arm-xilinx-eabi-gcc -L"E:\workspace\KXZ7C01\ProductCD\SoC_HDMI\PS_Embedded_Design.sdk\vHDMI\lib" -Wl,-T -Wl,../src/lscript.ld -L../../standalone_bsp/ps7_cortexa9_0/lib -o "vHDMI.elf"  ./src/cf_hdmi.o ./src/main.o ./src/transmitter.o   -lHDMI_ZynqMini-ITXLib -Wl,--start-group,-lxil,-lgcc,-lc,--end-group
'Finished building target: vHDMI.elf'
' '
'Invoking: ARM Print Size'
arm-xilinx-eabi-size vHDMI.elf  |tee "vHDMI.elf.size"
   text	   data	    bss	    dec	    hex	filename
  84229	 704584	  23452	 812265	  c64e9	vHDMI.elf
'Finished building: vHDMI.elf.size'
' '
20:53:33 **** Incremental Build of configuration Debug for project vHDMI ****
make all 
make: Nothing to be done for `all'.
21:42:26 **** Auto Build of configuration Debug for project vHDMI ****
make all 
'Building file: ../src/cf_hdmi.c'
'Invoking: ARM gcc compiler'
arm-xilinx-eabi-gcc -Wall -O0 -g3 -I"E:\workspace\KXZ7C01\ProductCD\SoC_HDMI\PS_Embedded_Design.sdk\vHDMI\inc" -c -fmessage-length=0 -MT"src/cf_hdmi.o" -I../../standalone_bsp/ps7_cortexa9_0/include -MMD -MP -MF"src/cf_hdmi.d" -MT"src/cf_hdmi.o" -o "src/cf_hdmi.o" "../src/cf_hdmi.c"
In file included from ../src/cf_hdmi.c:48:0:
../src/cf_hdmi_demo.h:42:12: warning: 'IMG_DATA' defined but not used [-Wunused-variable]
 static u32 IMG_DATA[] = {
            ^
'Finished building: ../src/cf_hdmi.c'
' '
'Building target: vHDMI.elf'
'Invoking: ARM gcc linker'
arm-xilinx-eabi-gcc -L"E:\workspace\KXZ7C01\ProductCD\SoC_HDMI\PS_Embedded_Design.sdk\vHDMI\lib" -Wl,-T -Wl,../src/lscript.ld -L../../standalone_bsp/ps7_cortexa9_0/lib -o "vHDMI.elf"  ./src/cf_hdmi.o ./src/main.o ./src/transmitter.o   -lHDMI_ZynqMini-ITXLib -Wl,--start-group,-lxil,-lgcc,-lc,--end-group
'Finished building target: vHDMI.elf'
' '
'Invoking: ARM Print Size'
arm-xilinx-eabi-size vHDMI.elf  |tee "vHDMI.elf.size"
   text	   data	    bss	    dec	    hex	filename
  84229	2811816	  23452	2919497	 2c8c49	vHDMI.elf
'Finished building: vHDMI.elf.size'
' '
21:42:49 **** Auto Build of configuration Debug for project vHDMI ****
make all 
'Building file: ../src/cf_hdmi.c'
'Invoking: ARM gcc compiler'
arm-xilinx-eabi-gcc -Wall -O0 -g3 -I"E:\workspace\KXZ7C01\ProductCD\SoC_HDMI\PS_Embedded_Design.sdk\vHDMI\inc" -c -fmessage-length=0 -MT"src/cf_hdmi.o" -I../../standalone_bsp/ps7_cortexa9_0/include -MMD -MP -MF"src/cf_hdmi.d" -MT"src/cf_hdmi.o" -o "src/cf_hdmi.o" "../src/cf_hdmi.c"
In file included from ../src/cf_hdmi.c:48:0:
../src/cf_hdmi_demo.h:42:12: warning: 'IMG_DATA' defined but not used [-Wunused-variable]
 static u32 IMG_DATA[] = {
            ^
'Finished building: ../src/cf_hdmi.c'
' '
'Building target: vHDMI.elf'
'Invoking: ARM gcc linker'
arm-xilinx-eabi-gcc -L"E:\workspace\KXZ7C01\ProductCD\SoC_HDMI\PS_Embedded_Design.sdk\vHDMI\lib" -Wl,-T -Wl,../src/lscript.ld -L../../standalone_bsp/ps7_cortexa9_0/lib -o "vHDMI.elf"  ./src/cf_hdmi.o ./src/main.o ./src/transmitter.o   -lHDMI_ZynqMini-ITXLib -Wl,--start-group,-lxil,-lgcc,-lc,--end-group
'Finished building target: vHDMI.elf'
' '
'Invoking: ARM Print Size'
arm-xilinx-eabi-size vHDMI.elf  |tee "vHDMI.elf.size"
   text	   data	    bss	    dec	    hex	filename
  84229	2811816	  23452	2919497	 2c8c49	vHDMI.elf
'Finished building: vHDMI.elf.size'
' '
21:43:44 **** Auto Build of configuration Debug for project vHDMI ****
make all 
'Building file: ../src/cf_hdmi.c'
'Invoking: ARM gcc compiler'
arm-xilinx-eabi-gcc -Wall -O0 -g3 -I"E:\workspace\KXZ7C01\ProductCD\SoC_HDMI\PS_Embedded_Design.sdk\vHDMI\inc" -c -fmessage-length=0 -MT"src/cf_hdmi.o" -I../../standalone_bsp/ps7_cortexa9_0/include -MMD -MP -MF"src/cf_hdmi.d" -MT"src/cf_hdmi.o" -o "src/cf_hdmi.o" "../src/cf_hdmi.c"
In file included from ../src/cf_hdmi.c:48:0:
../src/cf_hdmi_demo.h:46:12: warning: 'IMG_DATA' defined but not used [-Wunused-variable]
 static u32 IMG_DATA[] = {
            ^
'Finished building: ../src/cf_hdmi.c'
' '
'Building target: vHDMI.elf'
'Invoking: ARM gcc linker'
arm-xilinx-eabi-gcc -L"E:\workspace\KXZ7C01\ProductCD\SoC_HDMI\PS_Embedded_Design.sdk\vHDMI\lib" -Wl,-T -Wl,../src/lscript.ld -L../../standalone_bsp/ps7_cortexa9_0/lib -o "vHDMI.elf"  ./src/cf_hdmi.o ./src/main.o ./src/transmitter.o   -lHDMI_ZynqMini-ITXLib -Wl,--start-group,-lxil,-lgcc,-lc,--end-group
'Finished building target: vHDMI.elf'
' '
'Invoking: ARM Print Size'
arm-xilinx-eabi-size vHDMI.elf  |tee "vHDMI.elf.size"
   text	   data	    bss	    dec	    hex	filename
  84229	2811816	  23452	2919497	 2c8c49	vHDMI.elf
'Finished building: vHDMI.elf.size'
' '
21:44:55 **** Auto Build of configuration Debug for project vHDMI ****
make all 
'Building file: ../src/cf_hdmi.c'
'Invoking: ARM gcc compiler'
arm-xilinx-eabi-gcc -Wall -O0 -g3 -I"E:\workspace\KXZ7C01\ProductCD\SoC_HDMI\PS_Embedded_Design.sdk\vHDMI\inc" -c -fmessage-length=0 -MT"src/cf_hdmi.o" -I../../standalone_bsp/ps7_cortexa9_0/include -MMD -MP -MF"src/cf_hdmi.d" -MT"src/cf_hdmi.o" -o "src/cf_hdmi.o" "../src/cf_hdmi.c"
../src/cf_hdmi.c: In function 'DDRVideoWr':
../src/cf_hdmi.c:136:17: warning: unused variable 'margin_h' [-Wunused-variable]
  unsigned long  margin_h = (horizontalActiveTime-IMG_GVI_WIDTH)/2;
                 ^
../src/cf_hdmi.c:135:17: warning: unused variable 'margin_v' [-Wunused-variable]
  unsigned long  margin_v = (verticalActiveTime-IMG_GVI_HIGHT)/2;
                 ^
In file included from ../src/cf_hdmi.c:48:0:
../src/cf_hdmi.c: At top level:
../src/cf_hdmi_demo.h:46:12: warning: 'IMG_DATA' defined but not used [-Wunused-variable]
 static u32 IMG_DATA[] = {
            ^
'Finished building: ../src/cf_hdmi.c'
' '
'Building target: vHDMI.elf'
'Invoking: ARM gcc linker'
arm-xilinx-eabi-gcc -L"E:\workspace\KXZ7C01\ProductCD\SoC_HDMI\PS_Embedded_Design.sdk\vHDMI\lib" -Wl,-T -Wl,../src/lscript.ld -L../../standalone_bsp/ps7_cortexa9_0/lib -o "vHDMI.elf"  ./src/cf_hdmi.o ./src/main.o ./src/transmitter.o   -lHDMI_ZynqMini-ITXLib -Wl,--start-group,-lxil,-lgcc,-lc,--end-group
'Finished building target: vHDMI.elf'
' '
'Invoking: ARM Print Size'
arm-xilinx-eabi-size vHDMI.elf  |tee "vHDMI.elf.size"
   text	   data	    bss	    dec	    hex	filename
  84293	2811816	  23452	2919561	 2c8c89	vHDMI.elf
'Finished building: vHDMI.elf.size'
' '
21:46:40 **** Auto Build of configuration Debug for project vHDMI ****
make all 
'Building file: ../src/cf_hdmi.c'
'Invoking: ARM gcc compiler'
arm-xilinx-eabi-gcc -Wall -O0 -g3 -I"E:\workspace\KXZ7C01\ProductCD\SoC_HDMI\PS_Embedded_Design.sdk\vHDMI\inc" -c -fmessage-length=0 -MT"src/cf_hdmi.o" -I../../standalone_bsp/ps7_cortexa9_0/include -MMD -MP -MF"src/cf_hdmi.d" -MT"src/cf_hdmi.o" -o "src/cf_hdmi.o" "../src/cf_hdmi.c"
../src/cf_hdmi.c: In function 'DDRVideoWr':
../src/cf_hdmi.c:136:17: warning: unused variable 'margin_h' [-Wunused-variable]
  unsigned long  margin_h = (horizontalActiveTime-IMG_GVI_WIDTH)/2;
                 ^
'Finished building: ../src/cf_hdmi.c'
' '
'Building target: vHDMI.elf'
'Invoking: ARM gcc linker'
arm-xilinx-eabi-gcc -L"E:\workspace\KXZ7C01\ProductCD\SoC_HDMI\PS_Embedded_Design.sdk\vHDMI\lib" -Wl,-T -Wl,../src/lscript.ld -L../../standalone_bsp/ps7_cortexa9_0/lib -o "vHDMI.elf"  ./src/cf_hdmi.o ./src/main.o ./src/transmitter.o   -lHDMI_ZynqMini-ITXLib -Wl,--start-group,-lxil,-lgcc,-lc,--end-group
'Finished building target: vHDMI.elf'
' '
'Invoking: ARM Print Size'
arm-xilinx-eabi-size vHDMI.elf  |tee "vHDMI.elf.size"
   text	   data	    bss	    dec	    hex	filename
  84421	2811816	  23452	2919689	 2c8d09	vHDMI.elf
'Finished building: vHDMI.elf.size'
' '
21:47:30 **** Auto Build of configuration Debug for project vHDMI ****
make all 
'Building file: ../src/cf_hdmi.c'
'Invoking: ARM gcc compiler'
arm-xilinx-eabi-gcc -Wall -O0 -g3 -I"E:\workspace\KXZ7C01\ProductCD\SoC_HDMI\PS_Embedded_Design.sdk\vHDMI\inc" -c -fmessage-length=0 -MT"src/cf_hdmi.o" -I../../standalone_bsp/ps7_cortexa9_0/include -MMD -MP -MF"src/cf_hdmi.d" -MT"src/cf_hdmi.o" -o "src/cf_hdmi.o" "../src/cf_hdmi.c"
../src/cf_hdmi.c: In function 'DDRVideoWr':
../src/cf_hdmi.c:133:35: warning: unused variable 'color_b' [-Wunused-variable]
  unsigned long  color_r, color_g, color_b;
                                   ^
../src/cf_hdmi.c:133:26: warning: unused variable 'color_g' [-Wunused-variable]
  unsigned long  color_r, color_g, color_b;
                          ^
../src/cf_hdmi.c:133:17: warning: unused variable 'color_r' [-Wunused-variable]
  unsigned long  color_r, color_g, color_b;
                 ^
'Finished building: ../src/cf_hdmi.c'
' '
'Building target: vHDMI.elf'
'Invoking: ARM gcc linker'
arm-xilinx-eabi-gcc -L"E:\workspace\KXZ7C01\ProductCD\SoC_HDMI\PS_Embedded_Design.sdk\vHDMI\lib" -Wl,-T -Wl,../src/lscript.ld -L../../standalone_bsp/ps7_cortexa9_0/lib -o "vHDMI.elf"  ./src/cf_hdmi.o ./src/main.o ./src/transmitter.o   -lHDMI_ZynqMini-ITXLib -Wl,--start-group,-lxil,-lgcc,-lc,--end-group
'Finished building target: vHDMI.elf'
' '
'Invoking: ARM Print Size'
arm-xilinx-eabi-size vHDMI.elf  |tee "vHDMI.elf.size"
   text	   data	    bss	    dec	    hex	filename
  84421	2811816	  23452	2919689	 2c8d09	vHDMI.elf
'Finished building: vHDMI.elf.size'
' '
21:48:33 **** Auto Build of configuration Debug for project vHDMI ****
make all 
'Building file: ../src/cf_hdmi.c'
'Invoking: ARM gcc compiler'
arm-xilinx-eabi-gcc -Wall -O0 -g3 -I"E:\workspace\KXZ7C01\ProductCD\SoC_HDMI\PS_Embedded_Design.sdk\vHDMI\inc" -c -fmessage-length=0 -MT"src/cf_hdmi.o" -I../../standalone_bsp/ps7_cortexa9_0/include -MMD -MP -MF"src/cf_hdmi.d" -MT"src/cf_hdmi.o" -o "src/cf_hdmi.o" "../src/cf_hdmi.c"
../src/cf_hdmi.c: In function 'DDRVideoWr':
../src/cf_hdmi.c:146:21: warning: unused variable 'img_pos' [-Wunused-variable]
      unsigned long  img_pos = (line-margin_v)*IMG_GVI_WIDTH + (i-margin_h);
                     ^
'Finished building: ../src/cf_hdmi.c'
' '
'Building target: vHDMI.elf'
'Invoking: ARM gcc linker'
arm-xilinx-eabi-gcc -L"E:\workspace\KXZ7C01\ProductCD\SoC_HDMI\PS_Embedded_Design.sdk\vHDMI\lib" -Wl,-T -Wl,../src/lscript.ld -L../../standalone_bsp/ps7_cortexa9_0/lib -o "vHDMI.elf"  ./src/cf_hdmi.o ./src/main.o ./src/transmitter.o   -lHDMI_ZynqMini-ITXLib -Wl,--start-group,-lxil,-lgcc,-lc,--end-group
'Finished building target: vHDMI.elf'
' '
'Invoking: ARM Print Size'
arm-xilinx-eabi-size vHDMI.elf  |tee "vHDMI.elf.size"
   text	   data	    bss	    dec	    hex	filename
  84485	2811816	  23452	2919753	 2c8d49	vHDMI.elf
'Finished building: vHDMI.elf.size'
' '
21:48:38 **** Auto Build of configuration Debug for project vHDMI ****
make all 
'Building file: ../src/cf_hdmi.c'
'Invoking: ARM gcc compiler'
arm-xilinx-eabi-gcc -Wall -O0 -g3 -I"E:\workspace\KXZ7C01\ProductCD\SoC_HDMI\PS_Embedded_Design.sdk\vHDMI\inc" -c -fmessage-length=0 -MT"src/cf_hdmi.o" -I../../standalone_bsp/ps7_cortexa9_0/include -MMD -MP -MF"src/cf_hdmi.d" -MT"src/cf_hdmi.o" -o "src/cf_hdmi.o" "../src/cf_hdmi.c"
'Finished building: ../src/cf_hdmi.c'
' '
'Building target: vHDMI.elf'
'Invoking: ARM gcc linker'
arm-xilinx-eabi-gcc -L"E:\workspace\KXZ7C01\ProductCD\SoC_HDMI\PS_Embedded_Design.sdk\vHDMI\lib" -Wl,-T -Wl,../src/lscript.ld -L../../standalone_bsp/ps7_cortexa9_0/lib -o "vHDMI.elf"  ./src/cf_hdmi.o ./src/main.o ./src/transmitter.o   -lHDMI_ZynqMini-ITXLib -Wl,--start-group,-lxil,-lgcc,-lc,--end-group
'Finished building target: vHDMI.elf'
' '
'Invoking: ARM Print Size'
arm-xilinx-eabi-size vHDMI.elf  |tee "vHDMI.elf.size"
   text	   data	    bss	    dec	    hex	filename
  84485	2811816	  23452	2919753	 2c8d49	vHDMI.elf
'Finished building: vHDMI.elf.size'
' '
21:49:11 **** Incremental Build of configuration Debug for project vHDMI ****
make all 
make: Nothing to be done for `all'.
21:51:41 **** Auto Build of configuration Debug for project vHDMI ****
make all 
'Building file: ../src/cf_hdmi.c'
'Invoking: ARM gcc compiler'
arm-xilinx-eabi-gcc -Wall -O0 -g3 -I"E:\workspace\KXZ7C01\ProductCD\SoC_HDMI\PS_Embedded_Design.sdk\vHDMI\inc" -c -fmessage-length=0 -MT"src/cf_hdmi.o" -I../../standalone_bsp/ps7_cortexa9_0/include -MMD -MP -MF"src/cf_hdmi.d" -MT"src/cf_hdmi.o" -o "src/cf_hdmi.o" "../src/cf_hdmi.c"
'Finished building: ../src/cf_hdmi.c'
' '
'Building target: vHDMI.elf'
'Invoking: ARM gcc linker'
arm-xilinx-eabi-gcc -L"E:\workspace\KXZ7C01\ProductCD\SoC_HDMI\PS_Embedded_Design.sdk\vHDMI\lib" -Wl,-T -Wl,../src/lscript.ld -L../../standalone_bsp/ps7_cortexa9_0/lib -o "vHDMI.elf"  ./src/cf_hdmi.o ./src/main.o ./src/transmitter.o   -lHDMI_ZynqMini-ITXLib -Wl,--start-group,-lxil,-lgcc,-lc,--end-group
'Finished building target: vHDMI.elf'
' '
'Invoking: ARM Print Size'
arm-xilinx-eabi-size vHDMI.elf  |tee "vHDMI.elf.size"
   text	   data	    bss	    dec	    hex	filename
  84485	2811816	  23452	2919753	 2c8d49	vHDMI.elf
'Finished building: vHDMI.elf.size'
' '
21:52:03 **** Incremental Build of configuration Debug for project vHDMI ****
make all 
make: Nothing to be done for `all'.
21:55:26 **** Build of project FSBL_bsp ****
make -k all 
"Running Make include in ps7_cortexa9_0/libsrc/axivdma_v6_2/src"
make -C ps7_cortexa9_0/libsrc/axivdma_v6_2/src -s include  "SHELL=CMD" "COMPILER=arm-none-eabi-gcc" "ARCHIVER=arm-none-eabi-ar" "COMPILER_FLAGS=  -O2 -c" "EXTRA_COMPILER_FLAGS=-mcpu=cortex-a9 -mfpu=vfpv3 -mfloat-abi=hard -nostartfiles"
"Running Make include in ps7_cortexa9_0/libsrc/coresightps_dcc_v1_3/src"
make -C ps7_cortexa9_0/libsrc/coresightps_dcc_v1_3/src -s include  "SHELL=CMD" "COMPILER=arm-none-eabi-gcc" "ARCHIVER=arm-none-eabi-ar" "COMPILER_FLAGS=  -O2 -c" "EXTRA_COMPILER_FLAGS=-mcpu=cortex-a9 -mfpu=vfpv3 -mfloat-abi=hard -nostartfiles"
"Running Make include in ps7_cortexa9_0/libsrc/cpu_cortexa9_v2_3/src"
make -C ps7_cortexa9_0/libsrc/cpu_cortexa9_v2_3/src -s include  "SHELL=CMD" "COMPILER=arm-none-eabi-gcc" "ARCHIVER=arm-none-eabi-ar" "COMPILER_FLAGS=  -O2 -c" "EXTRA_COMPILER_FLAGS=-mcpu=cortex-a9 -mfpu=vfpv3 -mfloat-abi=hard -nostartfiles"
"Running Make include in ps7_cortexa9_0/libsrc/ddrps_v1_0/src"
make -C ps7_cortexa9_0/libsrc/ddrps_v1_0/src -s include  "SHELL=CMD" "COMPILER=arm-none-eabi-gcc" "ARCHIVER=arm-none-eabi-ar" "COMPILER_FLAGS=  -O2 -c" "EXTRA_COMPILER_FLAGS=-mcpu=cortex-a9 -mfpu=vfpv3 -mfloat-abi=hard -nostartfiles"
"Running Make include in ps7_cortexa9_0/libsrc/devcfg_v3_4/src"
make -C ps7_cortexa9_0/libsrc/devcfg_v3_4/src -s include  "SHELL=CMD" "COMPILER=arm-none-eabi-gcc" "ARCHIVER=arm-none-eabi-ar" "COMPILER_FLAGS=  -O2 -c" "EXTRA_COMPILER_FLAGS=-mcpu=cortex-a9 -mfpu=vfpv3 -mfloat-abi=hard -nostartfiles"
"Running Make include in ps7_cortexa9_0/libsrc/dmaps_v2_3/src"
make -C ps7_cortexa9_0/libsrc/dmaps_v2_3/src -s include  "SHELL=CMD" "COMPILER=arm-none-eabi-gcc" "ARCHIVER=arm-none-eabi-ar" "COMPILER_FLAGS=  -O2 -c" "EXTRA_COMPILER_FLAGS=-mcpu=cortex-a9 -mfpu=vfpv3 -mfloat-abi=hard -nostartfiles"
"Running Make include in ps7_cortexa9_0/libsrc/emacps_v3_3/src"
make -C ps7_cortexa9_0/libsrc/emacps_v3_3/src -s include  "SHELL=CMD" "COMPILER=arm-none-eabi-gcc" "ARCHIVER=arm-none-eabi-ar" "COMPILER_FLAGS=  -O2 -c" "EXTRA_COMPILER_FLAGS=-mcpu=cortex-a9 -mfpu=vfpv3 -mfloat-abi=hard -nostartfiles"
"Running Make include in ps7_cortexa9_0/libsrc/gpiops_v3_1/src"
make -C ps7_cortexa9_0/libsrc/gpiops_v3_1/src -s include  "SHELL=CMD" "COMPILER=arm-none-eabi-gcc" "ARCHIVER=arm-none-eabi-ar" "COMPILER_FLAGS=  -O2 -c" "EXTRA_COMPILER_FLAGS=-mcpu=cortex-a9 -mfpu=vfpv3 -mfloat-abi=hard -nostartfiles"
"Running Make include in ps7_cortexa9_0/libsrc/iic_v3_4/src"
make -C ps7_cortexa9_0/libsrc/iic_v3_4/src -s include  "SHELL=CMD" "COMPILER=arm-none-eabi-gcc" "ARCHIVER=arm-none-eabi-ar" "COMPILER_FLAGS=  -O2 -c" "EXTRA_COMPILER_FLAGS=-mcpu=cortex-a9 -mfpu=vfpv3 -mfloat-abi=hard -nostartfiles"
"Running Make include in ps7_cortexa9_0/libsrc/iicps_v3_4/src"
make -C ps7_cortexa9_0/libsrc/iicps_v3_4/src -s include  "SHELL=CMD" "COMPILER=arm-none-eabi-gcc" "ARCHIVER=arm-none-eabi-ar" "COMPILER_FLAGS=  -O2 -c" "EXTRA_COMPILER_FLAGS=-mcpu=cortex-a9 -mfpu=vfpv3 -mfloat-abi=hard -nostartfiles"
"Running Make include in ps7_cortexa9_0/libsrc/qspips_v3_3/src"
make -C ps7_cortexa9_0/libsrc/qspips_v3_3/src -s include  "SHELL=CMD" "COMPILER=arm-none-eabi-gcc" "ARCHIVER=arm-none-eabi-ar" "COMPILER_FLAGS=  -O2 -c" "EXTRA_COMPILER_FLAGS=-mcpu=cortex-a9 -mfpu=vfpv3 -mfloat-abi=hard -nostartfiles"
"Running Make include in ps7_cortexa9_0/libsrc/scugic_v3_5/src"
make -C ps7_cortexa9_0/libsrc/scugic_v3_5/src -s include  "SHELL=CMD" "COMPILER=arm-none-eabi-gcc" "ARCHIVER=arm-none-eabi-ar" "COMPILER_FLAGS=  -O2 -c" "EXTRA_COMPILER_FLAGS=-mcpu=cortex-a9 -mfpu=vfpv3 -mfloat-abi=hard -nostartfiles"
"Running Make include in ps7_cortexa9_0/libsrc/scutimer_v2_1/src"
make -C ps7_cortexa9_0/libsrc/scutimer_v2_1/src -s include  "SHELL=CMD" "COMPILER=arm-none-eabi-gcc" "ARCHIVER=arm-none-eabi-ar" "COMPILER_FLAGS=  -O2 -c" "EXTRA_COMPILER_FLAGS=-mcpu=cortex-a9 -mfpu=vfpv3 -mfloat-abi=hard -nostartfiles"
"Running Make include in ps7_cortexa9_0/libsrc/scuwdt_v2_1/src"
make -C ps7_cortexa9_0/libsrc/scuwdt_v2_1/src -s include  "SHELL=CMD" "COMPILER=arm-none-eabi-gcc" "ARCHIVER=arm-none-eabi-ar" "COMPILER_FLAGS=  -O2 -c" "EXTRA_COMPILER_FLAGS=-mcpu=cortex-a9 -mfpu=vfpv3 -mfloat-abi=hard -nostartfiles"
"Running Make include in ps7_cortexa9_0/libsrc/sdps_v3_1/src"
make -C ps7_cortexa9_0/libsrc/sdps_v3_1/src -s include  "SHELL=CMD" "COMPILER=arm-none-eabi-gcc" "ARCHIVER=arm-none-eabi-ar" "COMPILER_FLAGS=  -O2 -c" "EXTRA_COMPILER_FLAGS=-mcpu=cortex-a9 -mfpu=vfpv3 -mfloat-abi=hard -nostartfiles"
"Running Make include in ps7_cortexa9_0/libsrc/standalone_v6_1/src"
make -C ps7_cortexa9_0/libsrc/standalone_v6_1/src -s include  "SHELL=CMD" "COMPILER=arm-none-eabi-gcc" "ARCHIVER=arm-none-eabi-ar" "COMPILER_FLAGS=  -O2 -c" "EXTRA_COMPILER_FLAGS=-mcpu=cortex-a9 -mfpu=vfpv3 -mfloat-abi=hard -nostartfiles"
"Running Make include in ps7_cortexa9_0/libsrc/uartlite_v3_2/src"
make -C ps7_cortexa9_0/libsrc/uartlite_v3_2/src -s include  "SHELL=CMD" "COMPILER=arm-none-eabi-gcc" "ARCHIVER=arm-none-eabi-ar" "COMPILER_FLAGS=  -O2 -c" "EXTRA_COMPILER_FLAGS=-mcpu=cortex-a9 -mfpu=vfpv3 -mfloat-abi=hard -nostartfiles"
"Running Make include in ps7_cortexa9_0/libsrc/uartps_v3_3/src"
make -C ps7_cortexa9_0/libsrc/uartps_v3_3/src -s include  "SHELL=CMD" "COMPILER=arm-none-eabi-gcc" "ARCHIVER=arm-none-eabi-ar" "COMPILER_FLAGS=  -O2 -c" "EXTRA_COMPILER_FLAGS=-mcpu=cortex-a9 -mfpu=vfpv3 -mfloat-abi=hard -nostartfiles"
"Running Make include in ps7_cortexa9_0/libsrc/usbps_v2_4/src"
make -C ps7_cortexa9_0/libsrc/usbps_v2_4/src -s include  "SHELL=CMD" "COMPILER=arm-none-eabi-gcc" "ARCHIVER=arm-none-eabi-ar" "COMPILER_FLAGS=  -O2 -c" "EXTRA_COMPILER_FLAGS=-mcpu=cortex-a9 -mfpu=vfpv3 -mfloat-abi=hard -nostartfiles"
"Running Make include in ps7_cortexa9_0/libsrc/xadcps_v2_2/src"
make -C ps7_cortexa9_0/libsrc/xadcps_v2_2/src -s include  "SHELL=CMD" "COMPILER=arm-none-eabi-gcc" "ARCHIVER=arm-none-eabi-ar" "COMPILER_FLAGS=  -O2 -c" "EXTRA_COMPILER_FLAGS=-mcpu=cortex-a9 -mfpu=vfpv3 -mfloat-abi=hard -nostartfiles"
"Running Make include in ps7_cortexa9_0/libsrc/xilffs_v3_5/src"
make -C ps7_cortexa9_0/libsrc/xilffs_v3_5/src -s include  "SHELL=CMD" "COMPILER=arm-none-eabi-gcc" "ARCHIVER=arm-none-eabi-ar" "COMPILER_FLAGS=  -O2 -c" "EXTRA_COMPILER_FLAGS=-mcpu=cortex-a9 -mfpu=vfpv3 -mfloat-abi=hard -nostartfiles"
"Running Make include in ps7_cortexa9_0/libsrc/xilrsa_v1_2/src"
make -C ps7_cortexa9_0/libsrc/xilrsa_v1_2/src -s include  "SHELL=CMD" "COMPILER=arm-none-eabi-gcc" "ARCHIVER=arm-none-eabi-ar" "COMPILER_FLAGS=  -O2 -c" "EXTRA_COMPILER_FLAGS=-mcpu=cortex-a9 -mfpu=vfpv3 -mfloat-abi=hard -nostartfiles"
"Running Make libs in ps7_cortexa9_0/libsrc/axivdma_v6_2/src"
make -C ps7_cortexa9_0/libsrc/axivdma_v6_2/src -s libs  "SHELL=CMD" "COMPILER=arm-none-eabi-gcc" "ARCHIVER=arm-none-eabi-ar" "COMPILER_FLAGS=  -O2 -c" "EXTRA_COMPILER_FLAGS=-mcpu=cortex-a9 -mfpu=vfpv3 -mfloat-abi=hard -nostartfiles"
"Compiling axivdma"
arm-none-eabi-ar: creating ../../../lib/libxil.a
"Running Make libs in ps7_cortexa9_0/libsrc/coresightps_dcc_v1_3/src"
make -C ps7_cortexa9_0/libsrc/coresightps_dcc_v1_3/src -s libs  "SHELL=CMD" "COMPILER=arm-none-eabi-gcc" "ARCHIVER=arm-none-eabi-ar" "COMPILER_FLAGS=  -O2 -c" "EXTRA_COMPILER_FLAGS=-mcpu=cortex-a9 -mfpu=vfpv3 -mfloat-abi=hard -nostartfiles"
"Compiling coresightps_dcc"
"Running Make libs in ps7_cortexa9_0/libsrc/cpu_cortexa9_v2_3/src"
make -C ps7_cortexa9_0/libsrc/cpu_cortexa9_v2_3/src -s libs  "SHELL=CMD" "COMPILER=arm-none-eabi-gcc" "ARCHIVER=arm-none-eabi-ar" "COMPILER_FLAGS=  -O2 -c" "EXTRA_COMPILER_FLAGS=-mcpu=cortex-a9 -mfpu=vfpv3 -mfloat-abi=hard -nostartfiles"
"Compiling cpu_cortexa9"
"Running Make libs in ps7_cortexa9_0/libsrc/ddrps_v1_0/src"
make -C ps7_cortexa9_0/libsrc/ddrps_v1_0/src -s libs  "SHELL=CMD" "COMPILER=arm-none-eabi-gcc" "ARCHIVER=arm-none-eabi-ar" "COMPILER_FLAGS=  -O2 -c" "EXTRA_COMPILER_FLAGS=-mcpu=cortex-a9 -mfpu=vfpv3 -mfloat-abi=hard -nostartfiles"
"Compiling ddrps"
"Running Make libs in ps7_cortexa9_0/libsrc/devcfg_v3_4/src"
make -C ps7_cortexa9_0/libsrc/devcfg_v3_4/src -s libs  "SHELL=CMD" "COMPILER=arm-none-eabi-gcc" "ARCHIVER=arm-none-eabi-ar" "COMPILER_FLAGS=  -O2 -c" "EXTRA_COMPILER_FLAGS=-mcpu=cortex-a9 -mfpu=vfpv3 -mfloat-abi=hard -nostartfiles"
"Compiling devcfg"
"Running Make libs in ps7_cortexa9_0/libsrc/dmaps_v2_3/src"
make -C ps7_cortexa9_0/libsrc/dmaps_v2_3/src -s libs  "SHELL=CMD" "COMPILER=arm-none-eabi-gcc" "ARCHIVER=arm-none-eabi-ar" "COMPILER_FLAGS=  -O2 -c" "EXTRA_COMPILER_FLAGS=-mcpu=cortex-a9 -mfpu=vfpv3 -mfloat-abi=hard -nostartfiles"
"Compiling dmaps"
"Running Make libs in ps7_cortexa9_0/libsrc/emacps_v3_3/src"
make -C ps7_cortexa9_0/libsrc/emacps_v3_3/src -s libs  "SHELL=CMD" "COMPILER=arm-none-eabi-gcc" "ARCHIVER=arm-none-eabi-ar" "COMPILER_FLAGS=  -O2 -c" "EXTRA_COMPILER_FLAGS=-mcpu=cortex-a9 -mfpu=vfpv3 -mfloat-abi=hard -nostartfiles"
"Compiling emacps"
"Running Make libs in ps7_cortexa9_0/libsrc/gpiops_v3_1/src"
make -C ps7_cortexa9_0/libsrc/gpiops_v3_1/src -s libs  "SHELL=CMD" "COMPILER=arm-none-eabi-gcc" "ARCHIVER=arm-none-eabi-ar" "COMPILER_FLAGS=  -O2 -c" "EXTRA_COMPILER_FLAGS=-mcpu=cortex-a9 -mfpu=vfpv3 -mfloat-abi=hard -nostartfiles"
"Compiling gpiops"
"Running Make libs in ps7_cortexa9_0/libsrc/iic_v3_4/src"
make -C ps7_cortexa9_0/libsrc/iic_v3_4/src -s libs  "SHELL=CMD" "COMPILER=arm-none-eabi-gcc" "ARCHIVER=arm-none-eabi-ar" "COMPILER_FLAGS=  -O2 -c" "EXTRA_COMPILER_FLAGS=-mcpu=cortex-a9 -mfpu=vfpv3 -mfloat-abi=hard -nostartfiles"
"Compiling iic"
"Running Make libs in ps7_cortexa9_0/libsrc/iicps_v3_4/src"
make -C ps7_cortexa9_0/libsrc/iicps_v3_4/src -s libs  "SHELL=CMD" "COMPILER=arm-none-eabi-gcc" "ARCHIVER=arm-none-eabi-ar" "COMPILER_FLAGS=  -O2 -c" "EXTRA_COMPILER_FLAGS=-mcpu=cortex-a9 -mfpu=vfpv3 -mfloat-abi=hard -nostartfiles"
"Compiling iicps"
"Running Make libs in ps7_cortexa9_0/libsrc/qspips_v3_3/src"
make -C ps7_cortexa9_0/libsrc/qspips_v3_3/src -s libs  "SHELL=CMD" "COMPILER=arm-none-eabi-gcc" "ARCHIVER=arm-none-eabi-ar" "COMPILER_FLAGS=  -O2 -c" "EXTRA_COMPILER_FLAGS=-mcpu=cortex-a9 -mfpu=vfpv3 -mfloat-abi=hard -nostartfiles"
"Compiling qspips"
"Running Make libs in ps7_cortexa9_0/libsrc/scugic_v3_5/src"
make -C ps7_cortexa9_0/libsrc/scugic_v3_5/src -s libs  "SHELL=CMD" "COMPILER=arm-none-eabi-gcc" "ARCHIVER=arm-none-eabi-ar" "COMPILER_FLAGS=  -O2 -c" "EXTRA_COMPILER_FLAGS=-mcpu=cortex-a9 -mfpu=vfpv3 -mfloat-abi=hard -nostartfiles"
"Compiling scugic"
"Running Make libs in ps7_cortexa9_0/libsrc/scutimer_v2_1/src"
make -C ps7_cortexa9_0/libsrc/scutimer_v2_1/src -s libs  "SHELL=CMD" "COMPILER=arm-none-eabi-gcc" "ARCHIVER=arm-none-eabi-ar" "COMPILER_FLAGS=  -O2 -c" "EXTRA_COMPILER_FLAGS=-mcpu=cortex-a9 -mfpu=vfpv3 -mfloat-abi=hard -nostartfiles"
"Compiling scutimer"
"Running Make libs in ps7_cortexa9_0/libsrc/scuwdt_v2_1/src"
make -C ps7_cortexa9_0/libsrc/scuwdt_v2_1/src -s libs  "SHELL=CMD" "COMPILER=arm-none-eabi-gcc" "ARCHIVER=arm-none-eabi-ar" "COMPILER_FLAGS=  -O2 -c" "EXTRA_COMPILER_FLAGS=-mcpu=cortex-a9 -mfpu=vfpv3 -mfloat-abi=hard -nostartfiles"
"Compiling scuwdt"
"Running Make libs in ps7_cortexa9_0/libsrc/sdps_v3_1/src"
make -C ps7_cortexa9_0/libsrc/sdps_v3_1/src -s libs  "SHELL=CMD" "COMPILER=arm-none-eabi-gcc" "ARCHIVER=arm-none-eabi-ar" "COMPILER_FLAGS=  -O2 -c" "EXTRA_COMPILER_FLAGS=-mcpu=cortex-a9 -mfpu=vfpv3 -mfloat-abi=hard -nostartfiles"
"Compiling sdps"
"Running Make libs in ps7_cortexa9_0/libsrc/standalone_v6_1/src"
make -C ps7_cortexa9_0/libsrc/standalone_v6_1/src -s libs  "SHELL=CMD" "COMPILER=arm-none-eabi-gcc" "ARCHIVER=arm-none-eabi-ar" "COMPILER_FLAGS=  -O2 -c" "EXTRA_COMPILER_FLAGS=-mcpu=cortex-a9 -mfpu=vfpv3 -mfloat-abi=hard -nostartfiles"
"Compiling standalone"
"Running Make libs in ps7_cortexa9_0/libsrc/uartlite_v3_2/src"
make -C ps7_cortexa9_0/libsrc/uartlite_v3_2/src -s libs  "SHELL=CMD" "COMPILER=arm-none-eabi-gcc" "ARCHIVER=arm-none-eabi-ar" "COMPILER_FLAGS=  -O2 -c" "EXTRA_COMPILER_FLAGS=-mcpu=cortex-a9 -mfpu=vfpv3 -mfloat-abi=hard -nostartfiles"
"Compiling uartlite"
"Running Make libs in ps7_cortexa9_0/libsrc/uartps_v3_3/src"
make -C ps7_cortexa9_0/libsrc/uartps_v3_3/src -s libs  "SHELL=CMD" "COMPILER=arm-none-eabi-gcc" "ARCHIVER=arm-none-eabi-ar" "COMPILER_FLAGS=  -O2 -c" "EXTRA_COMPILER_FLAGS=-mcpu=cortex-a9 -mfpu=vfpv3 -mfloat-abi=hard -nostartfiles"
"Compiling uartps"
"Running Make libs in ps7_cortexa9_0/libsrc/usbps_v2_4/src"
make -C ps7_cortexa9_0/libsrc/usbps_v2_4/src -s libs  "SHELL=CMD" "COMPILER=arm-none-eabi-gcc" "ARCHIVER=arm-none-eabi-ar" "COMPILER_FLAGS=  -O2 -c" "EXTRA_COMPILER_FLAGS=-mcpu=cortex-a9 -mfpu=vfpv3 -mfloat-abi=hard -nostartfiles"
"Compiling usbps"
"Running Make libs in ps7_cortexa9_0/libsrc/xadcps_v2_2/src"
make -C ps7_cortexa9_0/libsrc/xadcps_v2_2/src -s libs  "SHELL=CMD" "COMPILER=arm-none-eabi-gcc" "ARCHIVER=arm-none-eabi-ar" "COMPILER_FLAGS=  -O2 -c" "EXTRA_COMPILER_FLAGS=-mcpu=cortex-a9 -mfpu=vfpv3 -mfloat-abi=hard -nostartfiles"
"Compiling xadcps"
"Running Make libs in ps7_cortexa9_0/libsrc/xilffs_v3_5/src"
make -C ps7_cortexa9_0/libsrc/xilffs_v3_5/src -s libs  "SHELL=CMD" "COMPILER=arm-none-eabi-gcc" "ARCHIVER=arm-none-eabi-ar" "COMPILER_FLAGS=  -O2 -c" "EXTRA_COMPILER_FLAGS=-mcpu=cortex-a9 -mfpu=vfpv3 -mfloat-abi=hard -nostartfiles"
"Compiling XilFFs Library"
"Running Make libs in ps7_cortexa9_0/libsrc/xilrsa_v1_2/src"
make -C ps7_cortexa9_0/libsrc/xilrsa_v1_2/src -s libs  "SHELL=CMD" "COMPILER=arm-none-eabi-gcc" "ARCHIVER=arm-none-eabi-ar" "COMPILER_FLAGS=  -O2 -c" "EXTRA_COMPILER_FLAGS=-mcpu=cortex-a9 -mfpu=vfpv3 -mfloat-abi=hard -nostartfiles"
'Finished building libraries'
21:55:41 **** Build of configuration Debug for project FSBL ****
make pre-build main-build 
a9-linaro-pre-build-step
' '
'Building file: ../src/fsbl_handoff.S'
'Invoking: ARM v7 gcc compiler'
arm-none-eabi-gcc -Wall -O0 -g3 -I"E:\workspace\KXZ7C01\ProductCD\SoC_HDMI\PS_Embedded_Design.sdk\embedded_design_hw_platform_0" -c -fmessage-length=0 -MT"src/fsbl_handoff.o" -mcpu=cortex-a9 -mfpu=vfpv3 -mfloat-abi=hard -I../../FSBL_bsp/ps7_cortexa9_0/include -MMD -MP -MF"src/fsbl_handoff.d" -MT"src/fsbl_handoff.o" -o "src/fsbl_handoff.o" "../src/fsbl_handoff.S"
'Finished building: ../src/fsbl_handoff.S'
' '
'Building file: ../src/fsbl_hooks.c'
'Invoking: ARM v7 gcc compiler'
arm-none-eabi-gcc -Wall -O0 -g3 -I"E:\workspace\KXZ7C01\ProductCD\SoC_HDMI\PS_Embedded_Design.sdk\embedded_design_hw_platform_0" -c -fmessage-length=0 -MT"src/fsbl_hooks.o" -mcpu=cortex-a9 -mfpu=vfpv3 -mfloat-abi=hard -I../../FSBL_bsp/ps7_cortexa9_0/include -MMD -MP -MF"src/fsbl_hooks.d" -MT"src/fsbl_hooks.o" -o "src/fsbl_hooks.o" "../src/fsbl_hooks.c"
'Finished building: ../src/fsbl_hooks.c'
' '
'Building file: ../src/image_mover.c'
'Invoking: ARM v7 gcc compiler'
arm-none-eabi-gcc -Wall -O0 -g3 -I"E:\workspace\KXZ7C01\ProductCD\SoC_HDMI\PS_Embedded_Design.sdk\embedded_design_hw_platform_0" -c -fmessage-length=0 -MT"src/image_mover.o" -mcpu=cortex-a9 -mfpu=vfpv3 -mfloat-abi=hard -I../../FSBL_bsp/ps7_cortexa9_0/include -MMD -MP -MF"src/image_mover.d" -MT"src/image_mover.o" -o "src/image_mover.o" "../src/image_mover.c"
'Finished building: ../src/image_mover.c'
' '
'Building file: ../src/main.c'
'Invoking: ARM v7 gcc compiler'
arm-none-eabi-gcc -Wall -O0 -g3 -I"E:\workspace\KXZ7C01\ProductCD\SoC_HDMI\PS_Embedded_Design.sdk\embedded_design_hw_platform_0" -c -fmessage-length=0 -MT"src/main.o" -mcpu=cortex-a9 -mfpu=vfpv3 -mfloat-abi=hard -I../../FSBL_bsp/ps7_cortexa9_0/include -MMD -MP -MF"src/main.d" -MT"src/main.o" -o "src/main.o" "../src/main.c"
'Finished building: ../src/main.c'
' '
'Building file: ../src/md5.c'
'Invoking: ARM v7 gcc compiler'
arm-none-eabi-gcc -Wall -O0 -g3 -I"E:\workspace\KXZ7C01\ProductCD\SoC_HDMI\PS_Embedded_Design.sdk\embedded_design_hw_platform_0" -c -fmessage-length=0 -MT"src/md5.o" -mcpu=cortex-a9 -mfpu=vfpv3 -mfloat-abi=hard -I../../FSBL_bsp/ps7_cortexa9_0/include -MMD -MP -MF"src/md5.d" -MT"src/md5.o" -o "src/md5.o" "../src/md5.c"
'Finished building: ../src/md5.c'
' '
'Building file: ../src/nand.c'
'Invoking: ARM v7 gcc compiler'
arm-none-eabi-gcc -Wall -O0 -g3 -I"E:\workspace\KXZ7C01\ProductCD\SoC_HDMI\PS_Embedded_Design.sdk\embedded_design_hw_platform_0" -c -fmessage-length=0 -MT"src/nand.o" -mcpu=cortex-a9 -mfpu=vfpv3 -mfloat-abi=hard -I../../FSBL_bsp/ps7_cortexa9_0/include -MMD -MP -MF"src/nand.d" -MT"src/nand.o" -o "src/nand.o" "../src/nand.c"
'Finished building: ../src/nand.c'
' '
'Building file: ../src/nor.c'
'Invoking: ARM v7 gcc compiler'
arm-none-eabi-gcc -Wall -O0 -g3 -I"E:\workspace\KXZ7C01\ProductCD\SoC_HDMI\PS_Embedded_Design.sdk\embedded_design_hw_platform_0" -c -fmessage-length=0 -MT"src/nor.o" -mcpu=cortex-a9 -mfpu=vfpv3 -mfloat-abi=hard -I../../FSBL_bsp/ps7_cortexa9_0/include -MMD -MP -MF"src/nor.d" -MT"src/nor.o" -o "src/nor.o" "../src/nor.c"
'Finished building: ../src/nor.c'
' '
'Building file: ../src/pcap.c'
'Invoking: ARM v7 gcc compiler'
arm-none-eabi-gcc -Wall -O0 -g3 -I"E:\workspace\KXZ7C01\ProductCD\SoC_HDMI\PS_Embedded_Design.sdk\embedded_design_hw_platform_0" -c -fmessage-length=0 -MT"src/pcap.o" -mcpu=cortex-a9 -mfpu=vfpv3 -mfloat-abi=hard -I../../FSBL_bsp/ps7_cortexa9_0/include -MMD -MP -MF"src/pcap.d" -MT"src/pcap.o" -o "src/pcap.o" "../src/pcap.c"
'Finished building: ../src/pcap.c'
' '
'Building file: E:/workspace/KXZ7C01/ProductCD/SoC_HDMI/PS_Embedded_Design.sdk/embedded_design_hw_platform_0/ps7_init.c'
'Invoking: ARM v7 gcc compiler'
arm-none-eabi-gcc -Wall -O0 -g3 -I"E:\workspace\KXZ7C01\ProductCD\SoC_HDMI\PS_Embedded_Design.sdk\embedded_design_hw_platform_0" -c -fmessage-length=0 -MT"src/ps7_init.o" -mcpu=cortex-a9 -mfpu=vfpv3 -mfloat-abi=hard -I../../FSBL_bsp/ps7_cortexa9_0/include -MMD -MP -MF"src/ps7_init.d" -MT"src/ps7_init.o" -o "src/ps7_init.o" "E:/workspace/KXZ7C01/ProductCD/SoC_HDMI/PS_Embedded_Design.sdk/embedded_design_hw_platform_0/ps7_init.c"
'Finished building: E:/workspace/KXZ7C01/ProductCD/SoC_HDMI/PS_Embedded_Design.sdk/embedded_design_hw_platform_0/ps7_init.c'
' '
'Building file: ../src/qspi.c'
'Invoking: ARM v7 gcc compiler'
arm-none-eabi-gcc -Wall -O0 -g3 -I"E:\workspace\KXZ7C01\ProductCD\SoC_HDMI\PS_Embedded_Design.sdk\embedded_design_hw_platform_0" -c -fmessage-length=0 -MT"src/qspi.o" -mcpu=cortex-a9 -mfpu=vfpv3 -mfloat-abi=hard -I../../FSBL_bsp/ps7_cortexa9_0/include -MMD -MP -MF"src/qspi.d" -MT"src/qspi.o" -o "src/qspi.o" "../src/qspi.c"
'Finished building: ../src/qspi.c'
' '
'Building file: ../src/rsa.c'
'Invoking: ARM v7 gcc compiler'
arm-none-eabi-gcc -Wall -O0 -g3 -I"E:\workspace\KXZ7C01\ProductCD\SoC_HDMI\PS_Embedded_Design.sdk\embedded_design_hw_platform_0" -c -fmessage-length=0 -MT"src/rsa.o" -mcpu=cortex-a9 -mfpu=vfpv3 -mfloat-abi=hard -I../../FSBL_bsp/ps7_cortexa9_0/include -MMD -MP -MF"src/rsa.d" -MT"src/rsa.o" -o "src/rsa.o" "../src/rsa.c"
'Finished building: ../src/rsa.c'
' '
'Building file: ../src/sd.c'
'Invoking: ARM v7 gcc compiler'
arm-none-eabi-gcc -Wall -O0 -g3 -I"E:\workspace\KXZ7C01\ProductCD\SoC_HDMI\PS_Embedded_Design.sdk\embedded_design_hw_platform_0" -c -fmessage-length=0 -MT"src/sd.o" -mcpu=cortex-a9 -mfpu=vfpv3 -mfloat-abi=hard -I../../FSBL_bsp/ps7_cortexa9_0/include -MMD -MP -MF"src/sd.d" -MT"src/sd.o" -o "src/sd.o" "../src/sd.c"
'Finished building: ../src/sd.c'
' '
'Building target: FSBL.elf'
'Invoking: ARM v7 gcc linker'
arm-none-eabi-gcc -mcpu=cortex-a9 -mfpu=vfpv3 -mfloat-abi=hard -Wl,-build-id=none -specs=Xilinx.spec -Wl,-T -Wl,../src/lscript.ld -L../../FSBL_bsp/ps7_cortexa9_0/lib -o "FSBL.elf"  ./src/fsbl_handoff.o ./src/fsbl_hooks.o ./src/image_mover.o ./src/main.o ./src/md5.o ./src/nand.o ./src/nor.o ./src/pcap.o ./src/ps7_init.o ./src/qspi.o ./src/rsa.o ./src/sd.o   -Wl,--start-group,-lxil,-lgcc,-lc,--end-group -Wl,--start-group,-lxilffs,-lxil,-lgcc,-lc,--end-group -Wl,--start-group,-lrsa,-lxil,-lgcc,-lc,--end-group
'Finished building target: FSBL.elf'
' '
'Invoking: ARM v7 Print Size'
arm-none-eabi-size FSBL.elf  |tee "FSBL.elf.size"
   text	   data	    bss	    dec	    hex	filename
  77760	  12248	  74344	 164352	  28200	FSBL.elf
'Finished building: FSBL.elf.size'
' '
22:46:19 **** Auto Build of configuration Debug for project FSBL ****
make pre-build main-build 
a9-linaro-pre-build-step
' '
'Building file: ../src/fsbl_hooks.c'
'Invoking: ARM v7 gcc compiler'
arm-none-eabi-gcc -Wall -O0 -g3 -I"E:\workspace\KXZ7C01\ProductCD\SoC_HDMI\PS_Embedded_Design.sdk\embedded_design_hw_platform_0" -c -fmessage-length=0 -MT"src/fsbl_hooks.o" -mcpu=cortex-a9 -mfpu=vfpv3 -mfloat-abi=hard -I../../FSBL_bsp/ps7_cortexa9_0/include -MMD -MP -MF"src/fsbl_hooks.d" -MT"src/fsbl_hooks.o" -o "src/fsbl_hooks.o" "../src/fsbl_hooks.c"
'Finished building: ../src/fsbl_hooks.c'
' '
'Building file: ../src/image_mover.c'
'Invoking: ARM v7 gcc compiler'
arm-none-eabi-gcc -Wall -O0 -g3 -I"E:\workspace\KXZ7C01\ProductCD\SoC_HDMI\PS_Embedded_Design.sdk\embedded_design_hw_platform_0" -c -fmessage-length=0 -MT"src/image_mover.o" -mcpu=cortex-a9 -mfpu=vfpv3 -mfloat-abi=hard -I../../FSBL_bsp/ps7_cortexa9_0/include -MMD -MP -MF"src/image_mover.d" -MT"src/image_mover.o" -o "src/image_mover.o" "../src/image_mover.c"
'Finished building: ../src/image_mover.c'
' '
'Building file: ../src/main.c'
'Invoking: ARM v7 gcc compiler'
arm-none-eabi-gcc -Wall -O0 -g3 -I"E:\workspace\KXZ7C01\ProductCD\SoC_HDMI\PS_Embedded_Design.sdk\embedded_design_hw_platform_0" -c -fmessage-length=0 -MT"src/main.o" -mcpu=cortex-a9 -mfpu=vfpv3 -mfloat-abi=hard -I../../FSBL_bsp/ps7_cortexa9_0/include -MMD -MP -MF"src/main.d" -MT"src/main.o" -o "src/main.o" "../src/main.c"
'Finished building: ../src/main.c'
' '
'Building file: ../src/nand.c'
'Invoking: ARM v7 gcc compiler'
arm-none-eabi-gcc -Wall -O0 -g3 -I"E:\workspace\KXZ7C01\ProductCD\SoC_HDMI\PS_Embedded_Design.sdk\embedded_design_hw_platform_0" -c -fmessage-length=0 -MT"src/nand.o" -mcpu=cortex-a9 -mfpu=vfpv3 -mfloat-abi=hard -I../../FSBL_bsp/ps7_cortexa9_0/include -MMD -MP -MF"src/nand.d" -MT"src/nand.o" -o "src/nand.o" "../src/nand.c"
'Finished building: ../src/nand.c'
' '
'Building file: ../src/nor.c'
'Invoking: ARM v7 gcc compiler'
arm-none-eabi-gcc -Wall -O0 -g3 -I"E:\workspace\KXZ7C01\ProductCD\SoC_HDMI\PS_Embedded_Design.sdk\embedded_design_hw_platform_0" -c -fmessage-length=0 -MT"src/nor.o" -mcpu=cortex-a9 -mfpu=vfpv3 -mfloat-abi=hard -I../../FSBL_bsp/ps7_cortexa9_0/include -MMD -MP -MF"src/nor.d" -MT"src/nor.o" -o "src/nor.o" "../src/nor.c"
'Finished building: ../src/nor.c'
' '
'Building file: ../src/pcap.c'
'Invoking: ARM v7 gcc compiler'
arm-none-eabi-gcc -Wall -O0 -g3 -I"E:\workspace\KXZ7C01\ProductCD\SoC_HDMI\PS_Embedded_Design.sdk\embedded_design_hw_platform_0" -c -fmessage-length=0 -MT"src/pcap.o" -mcpu=cortex-a9 -mfpu=vfpv3 -mfloat-abi=hard -I../../FSBL_bsp/ps7_cortexa9_0/include -MMD -MP -MF"src/pcap.d" -MT"src/pcap.o" -o "src/pcap.o" "../src/pcap.c"
'Finished building: ../src/pcap.c'
' '
'Building file: E:/workspace/KXZ7C01/ProductCD/SoC_HDMI/PS_Embedded_Design.sdk/embedded_design_hw_platform_0/ps7_init.c'
'Invoking: ARM v7 gcc compiler'
arm-none-eabi-gcc -Wall -O0 -g3 -I"E:\workspace\KXZ7C01\ProductCD\SoC_HDMI\PS_Embedded_Design.sdk\embedded_design_hw_platform_0" -c -fmessage-length=0 -MT"src/ps7_init.o" -mcpu=cortex-a9 -mfpu=vfpv3 -mfloat-abi=hard -I../../FSBL_bsp/ps7_cortexa9_0/include -MMD -MP -MF"src/ps7_init.d" -MT"src/ps7_init.o" -o "src/ps7_init.o" "E:/workspace/KXZ7C01/ProductCD/SoC_HDMI/PS_Embedded_Design.sdk/embedded_design_hw_platform_0/ps7_init.c"
'Finished building: E:/workspace/KXZ7C01/ProductCD/SoC_HDMI/PS_Embedded_Design.sdk/embedded_design_hw_platform_0/ps7_init.c'
' '
'Building file: ../src/qspi.c'
'Invoking: ARM v7 gcc compiler'
arm-none-eabi-gcc -Wall -O0 -g3 -I"E:\workspace\KXZ7C01\ProductCD\SoC_HDMI\PS_Embedded_Design.sdk\embedded_design_hw_platform_0" -c -fmessage-length=0 -MT"src/qspi.o" -mcpu=cortex-a9 -mfpu=vfpv3 -mfloat-abi=hard -I../../FSBL_bsp/ps7_cortexa9_0/include -MMD -MP -MF"src/qspi.d" -MT"src/qspi.o" -o "src/qspi.o" "../src/qspi.c"
'Finished building: ../src/qspi.c'
' '
'Building file: ../src/sd.c'
'Invoking: ARM v7 gcc compiler'
arm-none-eabi-gcc -Wall -O0 -g3 -I"E:\workspace\KXZ7C01\ProductCD\SoC_HDMI\PS_Embedded_Design.sdk\embedded_design_hw_platform_0" -c -fmessage-length=0 -MT"src/sd.o" -mcpu=cortex-a9 -mfpu=vfpv3 -mfloat-abi=hard -I../../FSBL_bsp/ps7_cortexa9_0/include -MMD -MP -MF"src/sd.d" -MT"src/sd.o" -o "src/sd.o" "../src/sd.c"
'Finished building: ../src/sd.c'
' '
'Building target: FSBL.elf'
'Invoking: ARM v7 gcc linker'
arm-none-eabi-gcc -mcpu=cortex-a9 -mfpu=vfpv3 -mfloat-abi=hard -Wl,-build-id=none -specs=Xilinx.spec -Wl,-T -Wl,../src/lscript.ld -L../../FSBL_bsp/ps7_cortexa9_0/lib -o "FSBL.elf"  ./src/fsbl_handoff.o ./src/fsbl_hooks.o ./src/image_mover.o ./src/main.o ./src/md5.o ./src/nand.o ./src/nor.o ./src/pcap.o ./src/ps7_init.o ./src/qspi.o ./src/rsa.o ./src/sd.o   -Wl,--start-group,-lxil,-lgcc,-lc,--end-group -Wl,--start-group,-lxilffs,-lxil,-lgcc,-lc,--end-group -Wl,--start-group,-lrsa,-lxil,-lgcc,-lc,--end-group
'Finished building target: FSBL.elf'
' '
'Invoking: ARM v7 Print Size'
arm-none-eabi-size FSBL.elf  |tee "FSBL.elf.size"
   text	   data	    bss	    dec	    hex	filename
  77760	  12248	  74344	 164352	  28200	FSBL.elf
'Finished building: FSBL.elf.size'
' '
22:46:26 **** Clean-only build of project FSBL_bsp ****
make -k clean 
rm -f ps7_cortexa9_0/lib/libxil.a
22:46:26 **** Clean-only build of project standalone_bsp ****
make -k clean 
rm -f ps7_cortexa9_0/lib/libxil.a
22:46:26 **** Clean-only build of configuration Debug for project FSBL ****
make clean 
rm -rf  ./src/fsbl_handoff.o ./src/fsbl_hooks.o ./src/image_mover.o ./src/main.o ./src/md5.o ./src/nand.o ./src/nor.o ./src/pcap.o ./src/ps7_init.o ./src/qspi.o ./src/rsa.o ./src/sd.o  ./src/fsbl_handoff.d  ./src/fsbl_hooks.d ./src/image_mover.d ./src/main.d ./src/md5.d ./src/nand.d ./src/nor.d ./src/pcap.d ./src/ps7_init.d ./src/qspi.d ./src/rsa.d ./src/sd.d  FSBL.elf.size  FSBL.elf
' '
22:46:26 **** Build of project FSBL_bsp ****
make -k all 
"Running Make include in ps7_cortexa9_0/libsrc/axivdma_v6_2/src"
make -C ps7_cortexa9_0/libsrc/axivdma_v6_2/src -s include  "SHELL=CMD" "COMPILER=arm-none-eabi-gcc" "ARCHIVER=arm-none-eabi-ar" "COMPILER_FLAGS=  -O2 -c" "EXTRA_COMPILER_FLAGS=-mcpu=cortex-a9 -mfpu=vfpv3 -mfloat-abi=hard -nostartfiles"
"Running Make include in ps7_cortexa9_0/libsrc/coresightps_dcc_v1_3/src"
make -C ps7_cortexa9_0/libsrc/coresightps_dcc_v1_3/src -s include  "SHELL=CMD" "COMPILER=arm-none-eabi-gcc" "ARCHIVER=arm-none-eabi-ar" "COMPILER_FLAGS=  -O2 -c" "EXTRA_COMPILER_FLAGS=-mcpu=cortex-a9 -mfpu=vfpv3 -mfloat-abi=hard -nostartfiles"
"Running Make include in ps7_cortexa9_0/libsrc/cpu_cortexa9_v2_3/src"
make -C ps7_cortexa9_0/libsrc/cpu_cortexa9_v2_3/src -s include  "SHELL=CMD" "COMPILER=arm-none-eabi-gcc" "ARCHIVER=arm-none-eabi-ar" "COMPILER_FLAGS=  -O2 -c" "EXTRA_COMPILER_FLAGS=-mcpu=cortex-a9 -mfpu=vfpv3 -mfloat-abi=hard -nostartfiles"
"Running Make include in ps7_cortexa9_0/libsrc/ddrps_v1_0/src"
make -C ps7_cortexa9_0/libsrc/ddrps_v1_0/src -s include  "SHELL=CMD" "COMPILER=arm-none-eabi-gcc" "ARCHIVER=arm-none-eabi-ar" "COMPILER_FLAGS=  -O2 -c" "EXTRA_COMPILER_FLAGS=-mcpu=cortex-a9 -mfpu=vfpv3 -mfloat-abi=hard -nostartfiles"
"Running Make include in ps7_cortexa9_0/libsrc/devcfg_v3_4/src"
make -C ps7_cortexa9_0/libsrc/devcfg_v3_4/src -s include  "SHELL=CMD" "COMPILER=arm-none-eabi-gcc" "ARCHIVER=arm-none-eabi-ar" "COMPILER_FLAGS=  -O2 -c" "EXTRA_COMPILER_FLAGS=-mcpu=cortex-a9 -mfpu=vfpv3 -mfloat-abi=hard -nostartfiles"
"Running Make include in ps7_cortexa9_0/libsrc/dmaps_v2_3/src"
make -C ps7_cortexa9_0/libsrc/dmaps_v2_3/src -s include  "SHELL=CMD" "COMPILER=arm-none-eabi-gcc" "ARCHIVER=arm-none-eabi-ar" "COMPILER_FLAGS=  -O2 -c" "EXTRA_COMPILER_FLAGS=-mcpu=cortex-a9 -mfpu=vfpv3 -mfloat-abi=hard -nostartfiles"
"Running Make include in ps7_cortexa9_0/libsrc/emacps_v3_3/src"
make -C ps7_cortexa9_0/libsrc/emacps_v3_3/src -s include  "SHELL=CMD" "COMPILER=arm-none-eabi-gcc" "ARCHIVER=arm-none-eabi-ar" "COMPILER_FLAGS=  -O2 -c" "EXTRA_COMPILER_FLAGS=-mcpu=cortex-a9 -mfpu=vfpv3 -mfloat-abi=hard -nostartfiles"
"Running Make include in ps7_cortexa9_0/libsrc/gpiops_v3_1/src"
make -C ps7_cortexa9_0/libsrc/gpiops_v3_1/src -s include  "SHELL=CMD" "COMPILER=arm-none-eabi-gcc" "ARCHIVER=arm-none-eabi-ar" "COMPILER_FLAGS=  -O2 -c" "EXTRA_COMPILER_FLAGS=-mcpu=cortex-a9 -mfpu=vfpv3 -mfloat-abi=hard -nostartfiles"
"Running Make include in ps7_cortexa9_0/libsrc/iic_v3_4/src"
make -C ps7_cortexa9_0/libsrc/iic_v3_4/src -s include  "SHELL=CMD" "COMPILER=arm-none-eabi-gcc" "ARCHIVER=arm-none-eabi-ar" "COMPILER_FLAGS=  -O2 -c" "EXTRA_COMPILER_FLAGS=-mcpu=cortex-a9 -mfpu=vfpv3 -mfloat-abi=hard -nostartfiles"
"Running Make include in ps7_cortexa9_0/libsrc/iicps_v3_4/src"
make -C ps7_cortexa9_0/libsrc/iicps_v3_4/src -s include  "SHELL=CMD" "COMPILER=arm-none-eabi-gcc" "ARCHIVER=arm-none-eabi-ar" "COMPILER_FLAGS=  -O2 -c" "EXTRA_COMPILER_FLAGS=-mcpu=cortex-a9 -mfpu=vfpv3 -mfloat-abi=hard -nostartfiles"
"Running Make include in ps7_cortexa9_0/libsrc/qspips_v3_3/src"
make -C ps7_cortexa9_0/libsrc/qspips_v3_3/src -s include  "SHELL=CMD" "COMPILER=arm-none-eabi-gcc" "ARCHIVER=arm-none-eabi-ar" "COMPILER_FLAGS=  -O2 -c" "EXTRA_COMPILER_FLAGS=-mcpu=cortex-a9 -mfpu=vfpv3 -mfloat-abi=hard -nostartfiles"
"Running Make include in ps7_cortexa9_0/libsrc/scugic_v3_5/src"
make -C ps7_cortexa9_0/libsrc/scugic_v3_5/src -s include  "SHELL=CMD" "COMPILER=arm-none-eabi-gcc" "ARCHIVER=arm-none-eabi-ar" "COMPILER_FLAGS=  -O2 -c" "EXTRA_COMPILER_FLAGS=-mcpu=cortex-a9 -mfpu=vfpv3 -mfloat-abi=hard -nostartfiles"
"Running Make include in ps7_cortexa9_0/libsrc/scutimer_v2_1/src"
make -C ps7_cortexa9_0/libsrc/scutimer_v2_1/src -s include  "SHELL=CMD" "COMPILER=arm-none-eabi-gcc" "ARCHIVER=arm-none-eabi-ar" "COMPILER_FLAGS=  -O2 -c" "EXTRA_COMPILER_FLAGS=-mcpu=cortex-a9 -mfpu=vfpv3 -mfloat-abi=hard -nostartfiles"
"Running Make include in ps7_cortexa9_0/libsrc/scuwdt_v2_1/src"
make -C ps7_cortexa9_0/libsrc/scuwdt_v2_1/src -s include  "SHELL=CMD" "COMPILER=arm-none-eabi-gcc" "ARCHIVER=arm-none-eabi-ar" "COMPILER_FLAGS=  -O2 -c" "EXTRA_COMPILER_FLAGS=-mcpu=cortex-a9 -mfpu=vfpv3 -mfloat-abi=hard -nostartfiles"
"Running Make include in ps7_cortexa9_0/libsrc/sdps_v3_1/src"
make -C ps7_cortexa9_0/libsrc/sdps_v3_1/src -s include  "SHELL=CMD" "COMPILER=arm-none-eabi-gcc" "ARCHIVER=arm-none-eabi-ar" "COMPILER_FLAGS=  -O2 -c" "EXTRA_COMPILER_FLAGS=-mcpu=cortex-a9 -mfpu=vfpv3 -mfloat-abi=hard -nostartfiles"
"Running Make include in ps7_cortexa9_0/libsrc/standalone_v6_1/src"
make -C ps7_cortexa9_0/libsrc/standalone_v6_1/src -s include  "SHELL=CMD" "COMPILER=arm-none-eabi-gcc" "ARCHIVER=arm-none-eabi-ar" "COMPILER_FLAGS=  -O2 -c" "EXTRA_COMPILER_FLAGS=-mcpu=cortex-a9 -mfpu=vfpv3 -mfloat-abi=hard -nostartfiles"
"Running Make include in ps7_cortexa9_0/libsrc/uartlite_v3_2/src"
make -C ps7_cortexa9_0/libsrc/uartlite_v3_2/src -s include  "SHELL=CMD" "COMPILER=arm-none-eabi-gcc" "ARCHIVER=arm-none-eabi-ar" "COMPILER_FLAGS=  -O2 -c" "EXTRA_COMPILER_FLAGS=-mcpu=cortex-a9 -mfpu=vfpv3 -mfloat-abi=hard -nostartfiles"
"Running Make include in ps7_cortexa9_0/libsrc/uartps_v3_3/src"
make -C ps7_cortexa9_0/libsrc/uartps_v3_3/src -s include  "SHELL=CMD" "COMPILER=arm-none-eabi-gcc" "ARCHIVER=arm-none-eabi-ar" "COMPILER_FLAGS=  -O2 -c" "EXTRA_COMPILER_FLAGS=-mcpu=cortex-a9 -mfpu=vfpv3 -mfloat-abi=hard -nostartfiles"
"Running Make include in ps7_cortexa9_0/libsrc/usbps_v2_4/src"
make -C ps7_cortexa9_0/libsrc/usbps_v2_4/src -s include  "SHELL=CMD" "COMPILER=arm-none-eabi-gcc" "ARCHIVER=arm-none-eabi-ar" "COMPILER_FLAGS=  -O2 -c" "EXTRA_COMPILER_FLAGS=-mcpu=cortex-a9 -mfpu=vfpv3 -mfloat-abi=hard -nostartfiles"
"Running Make include in ps7_cortexa9_0/libsrc/xadcps_v2_2/src"
make -C ps7_cortexa9_0/libsrc/xadcps_v2_2/src -s include  "SHELL=CMD" "COMPILER=arm-none-eabi-gcc" "ARCHIVER=arm-none-eabi-ar" "COMPILER_FLAGS=  -O2 -c" "EXTRA_COMPILER_FLAGS=-mcpu=cortex-a9 -mfpu=vfpv3 -mfloat-abi=hard -nostartfiles"
"Running Make include in ps7_cortexa9_0/libsrc/xilffs_v3_5/src"
make -C ps7_cortexa9_0/libsrc/xilffs_v3_5/src -s include  "SHELL=CMD" "COMPILER=arm-none-eabi-gcc" "ARCHIVER=arm-none-eabi-ar" "COMPILER_FLAGS=  -O2 -c" "EXTRA_COMPILER_FLAGS=-mcpu=cortex-a9 -mfpu=vfpv3 -mfloat-abi=hard -nostartfiles"
"Running Make include in ps7_cortexa9_0/libsrc/xilrsa_v1_2/src"
make -C ps7_cortexa9_0/libsrc/xilrsa_v1_2/src -s include  "SHELL=CMD" "COMPILER=arm-none-eabi-gcc" "ARCHIVER=arm-none-eabi-ar" "COMPILER_FLAGS=  -O2 -c" "EXTRA_COMPILER_FLAGS=-mcpu=cortex-a9 -mfpu=vfpv3 -mfloat-abi=hard -nostartfiles"
"Running Make libs in ps7_cortexa9_0/libsrc/axivdma_v6_2/src"
make -C ps7_cortexa9_0/libsrc/axivdma_v6_2/src -s libs  "SHELL=CMD" "COMPILER=arm-none-eabi-gcc" "ARCHIVER=arm-none-eabi-ar" "COMPILER_FLAGS=  -O2 -c" "EXTRA_COMPILER_FLAGS=-mcpu=cortex-a9 -mfpu=vfpv3 -mfloat-abi=hard -nostartfiles"
"Compiling axivdma"
arm-none-eabi-ar: creating ../../../lib/libxil.a
"Running Make libs in ps7_cortexa9_0/libsrc/coresightps_dcc_v1_3/src"
make -C ps7_cortexa9_0/libsrc/coresightps_dcc_v1_3/src -s libs  "SHELL=CMD" "COMPILER=arm-none-eabi-gcc" "ARCHIVER=arm-none-eabi-ar" "COMPILER_FLAGS=  -O2 -c" "EXTRA_COMPILER_FLAGS=-mcpu=cortex-a9 -mfpu=vfpv3 -mfloat-abi=hard -nostartfiles"
"Compiling coresightps_dcc"
"Running Make libs in ps7_cortexa9_0/libsrc/cpu_cortexa9_v2_3/src"
make -C ps7_cortexa9_0/libsrc/cpu_cortexa9_v2_3/src -s libs  "SHELL=CMD" "COMPILER=arm-none-eabi-gcc" "ARCHIVER=arm-none-eabi-ar" "COMPILER_FLAGS=  -O2 -c" "EXTRA_COMPILER_FLAGS=-mcpu=cortex-a9 -mfpu=vfpv3 -mfloat-abi=hard -nostartfiles"
"Compiling cpu_cortexa9"
"Running Make libs in ps7_cortexa9_0/libsrc/ddrps_v1_0/src"
make -C ps7_cortexa9_0/libsrc/ddrps_v1_0/src -s libs  "SHELL=CMD" "COMPILER=arm-none-eabi-gcc" "ARCHIVER=arm-none-eabi-ar" "COMPILER_FLAGS=  -O2 -c" "EXTRA_COMPILER_FLAGS=-mcpu=cortex-a9 -mfpu=vfpv3 -mfloat-abi=hard -nostartfiles"
"Compiling ddrps"
"Running Make libs in ps7_cortexa9_0/libsrc/devcfg_v3_4/src"
make -C ps7_cortexa9_0/libsrc/devcfg_v3_4/src -s libs  "SHELL=CMD" "COMPILER=arm-none-eabi-gcc" "ARCHIVER=arm-none-eabi-ar" "COMPILER_FLAGS=  -O2 -c" "EXTRA_COMPILER_FLAGS=-mcpu=cortex-a9 -mfpu=vfpv3 -mfloat-abi=hard -nostartfiles"
"Compiling devcfg"
"Running Make libs in ps7_cortexa9_0/libsrc/dmaps_v2_3/src"
make -C ps7_cortexa9_0/libsrc/dmaps_v2_3/src -s libs  "SHELL=CMD" "COMPILER=arm-none-eabi-gcc" "ARCHIVER=arm-none-eabi-ar" "COMPILER_FLAGS=  -O2 -c" "EXTRA_COMPILER_FLAGS=-mcpu=cortex-a9 -mfpu=vfpv3 -mfloat-abi=hard -nostartfiles"
"Compiling dmaps"
"Running Make libs in ps7_cortexa9_0/libsrc/emacps_v3_3/src"
make -C ps7_cortexa9_0/libsrc/emacps_v3_3/src -s libs  "SHELL=CMD" "COMPILER=arm-none-eabi-gcc" "ARCHIVER=arm-none-eabi-ar" "COMPILER_FLAGS=  -O2 -c" "EXTRA_COMPILER_FLAGS=-mcpu=cortex-a9 -mfpu=vfpv3 -mfloat-abi=hard -nostartfiles"
"Compiling emacps"
"Running Make libs in ps7_cortexa9_0/libsrc/gpiops_v3_1/src"
make -C ps7_cortexa9_0/libsrc/gpiops_v3_1/src -s libs  "SHELL=CMD" "COMPILER=arm-none-eabi-gcc" "ARCHIVER=arm-none-eabi-ar" "COMPILER_FLAGS=  -O2 -c" "EXTRA_COMPILER_FLAGS=-mcpu=cortex-a9 -mfpu=vfpv3 -mfloat-abi=hard -nostartfiles"
"Compiling gpiops"
"Running Make libs in ps7_cortexa9_0/libsrc/iic_v3_4/src"
make -C ps7_cortexa9_0/libsrc/iic_v3_4/src -s libs  "SHELL=CMD" "COMPILER=arm-none-eabi-gcc" "ARCHIVER=arm-none-eabi-ar" "COMPILER_FLAGS=  -O2 -c" "EXTRA_COMPILER_FLAGS=-mcpu=cortex-a9 -mfpu=vfpv3 -mfloat-abi=hard -nostartfiles"
"Compiling iic"
"Running Make libs in ps7_cortexa9_0/libsrc/iicps_v3_4/src"
make -C ps7_cortexa9_0/libsrc/iicps_v3_4/src -s libs  "SHELL=CMD" "COMPILER=arm-none-eabi-gcc" "ARCHIVER=arm-none-eabi-ar" "COMPILER_FLAGS=  -O2 -c" "EXTRA_COMPILER_FLAGS=-mcpu=cortex-a9 -mfpu=vfpv3 -mfloat-abi=hard -nostartfiles"
"Compiling iicps"
"Running Make libs in ps7_cortexa9_0/libsrc/qspips_v3_3/src"
make -C ps7_cortexa9_0/libsrc/qspips_v3_3/src -s libs  "SHELL=CMD" "COMPILER=arm-none-eabi-gcc" "ARCHIVER=arm-none-eabi-ar" "COMPILER_FLAGS=  -O2 -c" "EXTRA_COMPILER_FLAGS=-mcpu=cortex-a9 -mfpu=vfpv3 -mfloat-abi=hard -nostartfiles"
"Compiling qspips"
"Running Make libs in ps7_cortexa9_0/libsrc/scugic_v3_5/src"
make -C ps7_cortexa9_0/libsrc/scugic_v3_5/src -s libs  "SHELL=CMD" "COMPILER=arm-none-eabi-gcc" "ARCHIVER=arm-none-eabi-ar" "COMPILER_FLAGS=  -O2 -c" "EXTRA_COMPILER_FLAGS=-mcpu=cortex-a9 -mfpu=vfpv3 -mfloat-abi=hard -nostartfiles"
"Compiling scugic"
"Running Make libs in ps7_cortexa9_0/libsrc/scutimer_v2_1/src"
make -C ps7_cortexa9_0/libsrc/scutimer_v2_1/src -s libs  "SHELL=CMD" "COMPILER=arm-none-eabi-gcc" "ARCHIVER=arm-none-eabi-ar" "COMPILER_FLAGS=  -O2 -c" "EXTRA_COMPILER_FLAGS=-mcpu=cortex-a9 -mfpu=vfpv3 -mfloat-abi=hard -nostartfiles"
"Compiling scutimer"
"Running Make libs in ps7_cortexa9_0/libsrc/scuwdt_v2_1/src"
make -C ps7_cortexa9_0/libsrc/scuwdt_v2_1/src -s libs  "SHELL=CMD" "COMPILER=arm-none-eabi-gcc" "ARCHIVER=arm-none-eabi-ar" "COMPILER_FLAGS=  -O2 -c" "EXTRA_COMPILER_FLAGS=-mcpu=cortex-a9 -mfpu=vfpv3 -mfloat-abi=hard -nostartfiles"
"Compiling scuwdt"
"Running Make libs in ps7_cortexa9_0/libsrc/sdps_v3_1/src"
make -C ps7_cortexa9_0/libsrc/sdps_v3_1/src -s libs  "SHELL=CMD" "COMPILER=arm-none-eabi-gcc" "ARCHIVER=arm-none-eabi-ar" "COMPILER_FLAGS=  -O2 -c" "EXTRA_COMPILER_FLAGS=-mcpu=cortex-a9 -mfpu=vfpv3 -mfloat-abi=hard -nostartfiles"
"Compiling sdps"
"Running Make libs in ps7_cortexa9_0/libsrc/standalone_v6_1/src"
[...]
make (e=2): 系统找不到指定的文件。

make[1]: *** [xdevcfg_sinit.o] 错误 2
make[1]: 由于错误目标“libs”并未重新创建。
make: *** [ps7_cortexa9_0/libsrc/devcfg_v3_2/src/make.libs] 错误 2
"Running Make libs in ps7_cortexa9_0/libsrc/dmaps_v2_1/src"
make -C ps7_cortexa9_0/libsrc/dmaps_v2_1/src -s libs  "SHELL=CMD" "COMPILER=arm-xilinx-eabi-gcc" "ARCHIVER=arm-xilinx-eabi-ar" "COMPILER_FLAGS=  -O2 -c" "EXTRA_COMPILER_FLAGS=-g"
"Compiling dmaps"
process_begin: CreateProcess(NULL, arm-xilinx-eabi-gcc -O2 -c -g -I./. -I../../../include -o xdmaps.o xdmaps.c, ...) failed.
make (e=2): 系统找不到指定的文件。

make[1]: *** [xdmaps.o] 错误 2
process_begin: CreateProcess(NULL, arm-xilinx-eabi-gcc -O2 -c -g -I./. -I../../../include -o xdmaps_g.o xdmaps_g.c, ...) failed.
make (e=2): 系统找不到指定的文件。

make[1]: *** [xdmaps_g.o] 错误 2
process_begin: CreateProcess(NULL, arm-xilinx-eabi-gcc -O2 -c -g -I./. -I../../../include -o xdmaps_hw.o xdmaps_hw.c, ...) failed.
make (e=2): 系统找不到指定的文件。

make[1]: *** [xdmaps_hw.o] 错误 2
process_begin: CreateProcess(NULL, arm-xilinx-eabi-gcc -O2 -c -g -I./. -I../../../include -o xdmaps_selftest.o xdmaps_selftest.c, ...) failed.
make (e=2): 系统找不到指定的文件。

make[1]: *** [xdmaps_selftest.o] 错误 2
process_begin: CreateProcess(NULL, arm-xilinx-eabi-gcc -O2 -c -g -I./. -I../../../include -o xdmaps_sinit.o xdmaps_sinit.c, ...) failed.
make (e=2): 系统找不到指定的文件。

make[1]: *** [xdmaps_sinit.o] 错误 2
make[1]: 由于错误目标“libs”并未重新创建。
make: *** [ps7_cortexa9_0/libsrc/dmaps_v2_1/src/make.libs] 错误 2
"Running Make libs in ps7_cortexa9_0/libsrc/emacps_v2_2/src"
make -C ps7_cortexa9_0/libsrc/emacps_v2_2/src -s libs  "SHELL=CMD" "COMPILER=arm-xilinx-eabi-gcc" "ARCHIVER=arm-xilinx-eabi-ar" "COMPILER_FLAGS=  -O2 -c" "EXTRA_COMPILER_FLAGS=-g"
"Compiling emacps"
process_begin: CreateProcess(NULL, arm-xilinx-eabi-gcc -O2 -c -g -I./. -I../../../include -o xemacps.o xemacps.c, ...) failed.
make (e=2): 系统找不到指定的文件。

make[1]: *** [xemacps.o] 错误 2
process_begin: CreateProcess(NULL, arm-xilinx-eabi-gcc -O2 -c -g -I./. -I../../../include -o xemacps_bdring.o xemacps_bdring.c, ...) failed.
make (e=2): 系统找不到指定的文件。

make[1]: *** [xemacps_bdring.o] 错误 2
process_begin: CreateProcess(NULL, arm-xilinx-eabi-gcc -O2 -c -g -I./. -I../../../include -o xemacps_control.o xemacps_control.c, ...) failed.
make (e=2): 系统找不到指定的文件。

make[1]: *** [xemacps_control.o] 错误 2
process_begin: CreateProcess(NULL, arm-xilinx-eabi-gcc -O2 -c -g -I./. -I../../../include -o xemacps_g.o xemacps_g.c, ...) failed.
make (e=2): 系统找不到指定的文件。

make[1]: *** [xemacps_g.o] 错误 2
process_begin: CreateProcess(NULL, arm-xilinx-eabi-gcc -O2 -c -g -I./. -I../../../include -o xemacps_hw.o xemacps_hw.c, ...) failed.
make (e=2): 系统找不到指定的文件。

make[1]: *** [xemacps_hw.o] 错误 2
process_begin: CreateProcess(NULL, arm-xilinx-eabi-gcc -O2 -c -g -I./. -I../../../include -o xemacps_intr.o xemacps_intr.c, ...) failed.
make (e=2): 系统找不到指定的文件。

make[1]: *** [xemacps_intr.o] 错误 2
process_begin: CreateProcess(NULL, arm-xilinx-eabi-gcc -O2 -c -g -I./. -I../../../include -o xemacps_sinit.o xemacps_sinit.c, ...) failed.
make (e=2): 系统找不到指定的文件。

make[1]: *** [xemacps_sinit.o] 错误 2
make[1]: 由于错误目标“libs”并未重新创建。
make: *** [ps7_cortexa9_0/libsrc/emacps_v2_2/src/make.libs] 错误 2
"Running Make libs in ps7_cortexa9_0/libsrc/gpiops_v2_2/src"
make -C ps7_cortexa9_0/libsrc/gpiops_v2_2/src -s libs  "SHELL=CMD" "COMPILER=arm-xilinx-eabi-gcc" "ARCHIVER=arm-xilinx-eabi-ar" "COMPILER_FLAGS=  -O2 -c" "EXTRA_COMPILER_FLAGS=-g"
"Compiling gpiops"
process_begin: CreateProcess(NULL, arm-xilinx-eabi-gcc -O2 -c -g -I./. -I../../../include -o xgpiops.o xgpiops.c, ...) failed.
make (e=2): 系统找不到指定的文件。

make[1]: *** [xgpiops.o] 错误 2
process_begin: CreateProcess(NULL, arm-xilinx-eabi-gcc -O2 -c -g -I./. -I../../../include -o xgpiops_g.o xgpiops_g.c, ...) failed.
make (e=2): 系统找不到指定的文件。

make[1]: *** [xgpiops_g.o] 错误 2
process_begin: CreateProcess(NULL, arm-xilinx-eabi-gcc -O2 -c -g -I./. -I../../../include -o xgpiops_hw.o xgpiops_hw.c, ...) failed.
make (e=2): 系统找不到指定的文件。

make[1]: *** [xgpiops_hw.o] 错误 2
process_begin: CreateProcess(NULL, arm-xilinx-eabi-gcc -O2 -c -g -I./. -I../../../include -o xgpiops_intr.o xgpiops_intr.c, ...) failed.
make (e=2): 系统找不到指定的文件。

make[1]: *** [xgpiops_intr.o] 错误 2
process_begin: CreateProcess(NULL, arm-xilinx-eabi-gcc -O2 -c -g -I./. -I../../../include -o xgpiops_selftest.o xgpiops_selftest.c, ...) failed.
make (e=2): 系统找不到指定的文件。

make[1]: *** [xgpiops_selftest.o] 错误 2
process_begin: CreateProcess(NULL, arm-xilinx-eabi-gcc -O2 -c -g -I./. -I../../../include -o xgpiops_sinit.o xgpiops_sinit.c, ...) failed.
make (e=2): 系统找不到指定的文件。

make[1]: *** [xgpiops_sinit.o] 错误 2
make[1]: 由于错误目标“libs”并未重新创建。
make: *** [ps7_cortexa9_0/libsrc/gpiops_v2_2/src/make.libs] 错误 2
"Running Make libs in ps7_cortexa9_0/libsrc/iic_v3_0/src"
make -C ps7_cortexa9_0/libsrc/iic_v3_0/src -s libs  "SHELL=CMD" "COMPILER=arm-xilinx-eabi-gcc" "ARCHIVER=arm-xilinx-eabi-ar" "COMPILER_FLAGS=  -O2 -c" "EXTRA_COMPILER_FLAGS=-g"
"Compiling iic"
process_begin: CreateProcess(NULL, arm-xilinx-eabi-gcc -O2 -c -g -I./. -I../../../include *.c, ...) failed.
make (e=2): 系统找不到指定的文件。

make[1]: *** [libs] 错误 2
make: *** [ps7_cortexa9_0/libsrc/iic_v3_0/src/make.libs] 错误 2
"Running Make libs in ps7_cortexa9_0/libsrc/iicps_v2_3/src"
make -C ps7_cortexa9_0/libsrc/iicps_v2_3/src -s libs  "SHELL=CMD" "COMPILER=arm-xilinx-eabi-gcc" "ARCHIVER=arm-xilinx-eabi-ar" "COMPILER_FLAGS=  -O2 -c" "EXTRA_COMPILER_FLAGS=-g"
"Compiling iicps"
process_begin: CreateProcess(NULL, arm-xilinx-eabi-gcc -O2 -c -g -I./. -I../../../include -o xiicps.o xiicps.c, ...) failed.
make (e=2): 系统找不到指定的文件。

make[1]: *** [xiicps.o] 错误 2
process_begin: CreateProcess(NULL, arm-xilinx-eabi-gcc -O2 -c -g -I./. -I../../../include -o xiicps_g.o xiicps_g.c, ...) failed.
make (e=2): 系统找不到指定的文件。

make[1]: *** [xiicps_g.o] 错误 2
process_begin: CreateProcess(NULL, arm-xilinx-eabi-gcc -O2 -c -g -I./. -I../../../include -o xiicps_hw.o xiicps_hw.c, ...) failed.
make (e=2): 系统找不到指定的文件。

make[1]: *** [xiicps_hw.o] 错误 2
process_begin: CreateProcess(NULL, arm-xilinx-eabi-gcc -O2 -c -g -I./. -I../../../include -o xiicps_intr.o xiicps_intr.c, ...) failed.
make (e=2): 系统找不到指定的文件。

make[1]: *** [xiicps_intr.o] 错误 2
process_begin: CreateProcess(NULL, arm-xilinx-eabi-gcc -O2 -c -g -I./. -I../../../include -o xiicps_master.o xiicps_master.c, ...) failed.
make (e=2): 系统找不到指定的文件。

make[1]: *** [xiicps_master.o] 错误 2
process_begin: CreateProcess(NULL, arm-xilinx-eabi-gcc -O2 -c -g -I./. -I../../../include -o xiicps_options.o xiicps_options.c, ...) failed.
make (e=2): 系统找不到指定的文件。

make[1]: *** [xiicps_options.o] 错误 2
process_begin: CreateProcess(NULL, arm-xilinx-eabi-gcc -O2 -c -g -I./. -I../../../include -o xiicps_selftest.o xiicps_selftest.c, ...) failed.
make (e=2): 系统找不到指定的文件。

make[1]: *** [xiicps_selftest.o] 错误 2
process_begin: CreateProcess(NULL, arm-xilinx-eabi-gcc -O2 -c -g -I./. -I../../../include -o xiicps_sinit.o xiicps_sinit.c, ...) failed.
make (e=2): 系统找不到指定的文件。

make[1]: *** [xiicps_sinit.o] 错误 2
process_begin: CreateProcess(NULL, arm-xilinx-eabi-gcc -O2 -c -g -I./. -I../../../include -o xiicps_slave.o xiicps_slave.c, ...) failed.
make (e=2): 系统找不到指定的文件。

make[1]: *** [xiicps_slave.o] 错误 2
make[1]: 由于错误目标“libs”并未重新创建。
make: *** [ps7_cortexa9_0/libsrc/iicps_v2_3/src/make.libs] 错误 2
"Running Make libs in ps7_cortexa9_0/libsrc/qspips_v3_1/src"
make -C ps7_cortexa9_0/libsrc/qspips_v3_1/src -s libs  "SHELL=CMD" "COMPILER=arm-xilinx-eabi-gcc" "ARCHIVER=arm-xilinx-eabi-ar" "COMPILER_FLAGS=  -O2 -c" "EXTRA_COMPILER_FLAGS=-g"
"Compiling qspips"
process_begin: CreateProcess(NULL, arm-xilinx-eabi-gcc -O2 -c -g -I./. -I../../../include -o xqspips.o xqspips.c, ...) failed.
make (e=2): 系统找不到指定的文件。

make[1]: *** [xqspips.o] 错误 2
process_begin: CreateProcess(NULL, arm-xilinx-eabi-gcc -O2 -c -g -I./. -I../../../include -o xqspips_g.o xqspips_g.c, ...) failed.
make (e=2): 系统找不到指定的文件。

make[1]: *** [xqspips_g.o] 错误 2
process_begin: CreateProcess(NULL, arm-xilinx-eabi-gcc -O2 -c -g -I./. -I../../../include -o xqspips_hw.o xqspips_hw.c, ...) failed.
make (e=2): 系统找不到指定的文件。

make[1]: *** [xqspips_hw.o] 错误 2
process_begin: CreateProcess(NULL, arm-xilinx-eabi-gcc -O2 -c -g -I./. -I../../../include -o xqspips_options.o xqspips_options.c, ...) failed.
make (e=2): 系统找不到指定的文件。

make[1]: *** [xqspips_options.o] 错误 2
process_begin: CreateProcess(NULL, arm-xilinx-eabi-gcc -O2 -c -g -I./. -I../../../include -o xqspips_selftest.o xqspips_selftest.c, ...) failed.
make (e=2): 系统找不到指定的文件。

make[1]: *** [xqspips_selftest.o] 错误 2
process_begin: CreateProcess(NULL, arm-xilinx-eabi-gcc -O2 -c -g -I./. -I../../../include -o xqspips_sinit.o xqspips_sinit.c, ...) failed.
make (e=2): 系统找不到指定的文件。

make[1]: *** [xqspips_sinit.o] 错误 2
make[1]: 由于错误目标“libs”并未重新创建。
make: *** [ps7_cortexa9_0/libsrc/qspips_v3_1/src/make.libs] 错误 2
"Running Make libs in ps7_cortexa9_0/libsrc/scugic_v2_1/src"
make -C ps7_cortexa9_0/libsrc/scugic_v2_1/src -s libs  "SHELL=CMD" "COMPILER=arm-xilinx-eabi-gcc" "ARCHIVER=arm-xilinx-eabi-ar" "COMPILER_FLAGS=  -O2 -c" "EXTRA_COMPILER_FLAGS=-g"
"Compiling scugic"
process_begin: CreateProcess(NULL, arm-xilinx-eabi-gcc -O2 -c -g -I./. -I../../../include -o xscugic.o xscugic.c, ...) failed.
make (e=2): 系统找不到指定的文件。

make[1]: *** [xscugic.o] 错误 2
process_begin: CreateProcess(NULL, arm-xilinx-eabi-gcc -O2 -c -g -I./. -I../../../include -o xscugic_g.o xscugic_g.c, ...) failed.
make (e=2): 系统找不到指定的文件。

make[1]: *** [xscugic_g.o] 错误 2
process_begin: CreateProcess(NULL, arm-xilinx-eabi-gcc -O2 -c -g -I./. -I../../../include -o xscugic_hw.o xscugic_hw.c, ...) failed.
make (e=2): 系统找不到指定的文件。

make[1]: *** [xscugic_hw.o] 错误 2
process_begin: CreateProcess(NULL, arm-xilinx-eabi-gcc -O2 -c -g -I./. -I../../../include -o xscugic_intr.o xscugic_intr.c, ...) failed.
make (e=2): 系统找不到指定的文件。

make[1]: *** [xscugic_intr.o] 错误 2
process_begin: CreateProcess(NULL, arm-xilinx-eabi-gcc -O2 -c -g -I./. -I../../../include -o xscugic_selftest.o xscugic_selftest.c, ...) failed.
make (e=2): 系统找不到指定的文件。

make[1]: *** [xscugic_selftest.o] 错误 2
process_begin: CreateProcess(NULL, arm-xilinx-eabi-gcc -O2 -c -g -I./. -I../../../include -o xscugic_sinit.o xscugic_sinit.c, ...) failed.
make (e=2): 系统找不到指定的文件。

make[1]: *** [xscugic_sinit.o] 错误 2
make[1]: 由于错误目标“libs”并未重新创建。
make: *** [ps7_cortexa9_0/libsrc/scugic_v2_1/src/make.libs] 错误 2
"Running Make libs in ps7_cortexa9_0/libsrc/scutimer_v2_0/src"
make -C ps7_cortexa9_0/libsrc/scutimer_v2_0/src -s libs  "SHELL=CMD" "COMPILER=arm-xilinx-eabi-gcc" "ARCHIVER=arm-xilinx-eabi-ar" "COMPILER_FLAGS=  -O2 -c" "EXTRA_COMPILER_FLAGS=-g"
"Compiling scutimer"
process_begin: CreateProcess(NULL, arm-xilinx-eabi-gcc -O2 -c -g -I./. -I../../../include -o xscutimer.o xscutimer.c, ...) failed.
make (e=2): 系统找不到指定的文件。

make[1]: *** [xscutimer.o] 错误 2
process_begin: CreateProcess(NULL, arm-xilinx-eabi-gcc -O2 -c -g -I./. -I../../../include -o xscutimer_g.o xscutimer_g.c, ...) failed.
make (e=2): 系统找不到指定的文件。

make[1]: *** [xscutimer_g.o] 错误 2
process_begin: CreateProcess(NULL, arm-xilinx-eabi-gcc -O2 -c -g -I./. -I../../../include -o xscutimer_selftest.o xscutimer_selftest.c, ...) failed.
make (e=2): 系统找不到指定的文件。

make[1]: *** [xscutimer_selftest.o] 错误 2
process_begin: CreateProcess(NULL, arm-xilinx-eabi-gcc -O2 -c -g -I./. -I../../../include -o xscutimer_sinit.o xscutimer_sinit.c, ...) failed.
make (e=2): 系统找不到指定的文件。

make[1]: *** [xscutimer_sinit.o] 错误 2
make[1]: 由于错误目标“libs”并未重新创建。
make: *** [ps7_cortexa9_0/libsrc/scutimer_v2_0/src/make.libs] 错误 2
"Running Make libs in ps7_cortexa9_0/libsrc/scuwdt_v2_0/src"
make -C ps7_cortexa9_0/libsrc/scuwdt_v2_0/src -s libs  "SHELL=CMD" "COMPILER=arm-xilinx-eabi-gcc" "ARCHIVER=arm-xilinx-eabi-ar" "COMPILER_FLAGS=  -O2 -c" "EXTRA_COMPILER_FLAGS=-g"
"Compiling scuwdt"
process_begin: CreateProcess(NULL, arm-xilinx-eabi-gcc -O2 -c -g -I./. -I../../../include -o xscuwdt.o xscuwdt.c, ...) failed.
make (e=2): 系统找不到指定的文件。

make[1]: *** [xscuwdt.o] 错误 2
process_begin: CreateProcess(NULL, arm-xilinx-eabi-gcc -O2 -c -g -I./. -I../../../include -o xscuwdt_g.o xscuwdt_g.c, ...) failed.
make (e=2): 系统找不到指定的文件。

make[1]: *** [xscuwdt_g.o] 错误 2
process_begin: CreateProcess(NULL, arm-xilinx-eabi-gcc -O2 -c -g -I./. -I../../../include -o xscuwdt_selftest.o xscuwdt_selftest.c, ...) failed.
make (e=2): 系统找不到指定的文件。

make[1]: *** [xscuwdt_selftest.o] 错误 2
process_begin: CreateProcess(NULL, arm-xilinx-eabi-gcc -O2 -c -g -I./. -I../../../include -o xscuwdt_sinit.o xscuwdt_sinit.c, ...) failed.
make (e=2): 系统找不到指定的文件。

make[1]: *** [xscuwdt_sinit.o] 错误 2
make[1]: 由于错误目标“libs”并未重新创建。
make: *** [ps7_cortexa9_0/libsrc/scuwdt_v2_0/src/make.libs] 错误 2
"Running Make libs in ps7_cortexa9_0/libsrc/sdps_v2_3/src"
make -C ps7_cortexa9_0/libsrc/sdps_v2_3/src -s libs  "SHELL=CMD" "COMPILER=arm-xilinx-eabi-gcc" "ARCHIVER=arm-xilinx-eabi-ar" "COMPILER_FLAGS=  -O2 -c" "EXTRA_COMPILER_FLAGS=-g"
"Compiling sdps"
process_begin: CreateProcess(NULL, arm-xilinx-eabi-gcc -O2 -c -g -I./. -I../../../include -o xsdps.o xsdps.c, ...) failed.
make (e=2): 系统找不到指定的文件。

make[1]: *** [xsdps.o] 错误 2
process_begin: CreateProcess(NULL, arm-xilinx-eabi-gcc -O2 -c -g -I./. -I../../../include -o xsdps_g.o xsdps_g.c, ...) failed.
make (e=2): 系统找不到指定的文件。

make[1]: *** [xsdps_g.o] 错误 2
process_begin: CreateProcess(NULL, arm-xilinx-eabi-gcc -O2 -c -g -I./. -I../../../include -o xsdps_options.o xsdps_options.c, ...) failed.
make (e=2): 系统找不到指定的文件。

make[1]: *** [xsdps_options.o] 错误 2
process_begin: CreateProcess(NULL, arm-xilinx-eabi-gcc -O2 -c -g -I./. -I../../../include -o xsdps_sinit.o xsdps_sinit.c, ...) failed.
make (e=2): 系统找不到指定的文件。

make[1]: *** [xsdps_sinit.o] 错误 2
make[1]: 由于错误目标“libs”并未重新创建。
make: *** [ps7_cortexa9_0/libsrc/sdps_v2_3/src/make.libs] 错误 2
"Running Make libs in ps7_cortexa9_0/libsrc/standalone_v4_2/src"
make -C ps7_cortexa9_0/libsrc/standalone_v4_2/src -s libs  "SHELL=CMD" "COMPILER=arm-xilinx-eabi-gcc" "ARCHIVER=arm-xilinx-eabi-ar" "COMPILER_FLAGS=  -O2 -c" "EXTRA_COMPILER_FLAGS=-g"
"Compiling standalone"
process_begin: CreateProcess(NULL, arm-xilinx-eabi-gcc -O2 -c -g -march=armv7-a -mfloat-abi=soft -mfpu=neon -I./. -I../../../include _exit.c _open.c _sbrk.c abort.c close.c errno.c fcntl.c fstat.c getpid.c inbyte.c isatty.c kill.c lseek.c open.c outbyte.c print.c putnum.c read.c sbrk.c sleep.c unlink.c usleep.c vectors.c write.c xil_assert.c xil_cache.c xil_exception.c xil_io.c xil_misc_psreset_api.c xil_mmu.c xil_printf.c xil_testcache.c xil_testio.c xil_testmem.c xl2cc_counter.c xpm_counter.c xtime_l.c asm_vectors.S boot.S cpu_init.S translation_table.s xil-crt0.S, ...) failed.
make (e=2): 系统找不到指定的文件。

make[1]: *** [standalone_libs] 错误 2
make[1]: 由于错误目标“libs”并未重新创建。
make: *** [ps7_cortexa9_0/libsrc/standalone_v4_2/src/make.libs] 错误 2
"Running Make libs in ps7_cortexa9_0/libsrc/uartps_v2_2/src"
make -C ps7_cortexa9_0/libsrc/uartps_v2_2/src -s libs  "SHELL=CMD" "COMPILER=arm-xilinx-eabi-gcc" "ARCHIVER=arm-xilinx-eabi-ar" "COMPILER_FLAGS=  -O2 -c" "EXTRA_COMPILER_FLAGS=-g"
"Compiling uartps"
process_begin: CreateProcess(NULL, arm-xilinx-eabi-gcc -O2 -c -g -I./. -I../../../include -o xuartps.o xuartps.c, ...) failed.
make (e=2): 系统找不到指定的文件。

make[1]: *** [xuartps.o] 错误 2
process_begin: CreateProcess(NULL, arm-xilinx-eabi-gcc -O2 -c -g -I./. -I../../../include -o xuartps_g.o xuartps_g.c, ...) failed.
make (e=2): 系统找不到指定的文件。

make[1]: *** [xuartps_g.o] 错误 2
process_begin: CreateProcess(NULL, arm-xilinx-eabi-gcc -O2 -c -g -I./. -I../../../include -o xuartps_hw.o xuartps_hw.c, ...) failed.
make (e=2): 系统找不到指定的文件。

make[1]: *** [xuartps_hw.o] 错误 2
process_begin: CreateProcess(NULL, arm-xilinx-eabi-gcc -O2 -c -g -I./. -I../../../include -o xuartps_intr.o xuartps_intr.c, ...) failed.
make (e=2): 系统找不到指定的文件。

make[1]: *** [xuartps_intr.o] 错误 2
process_begin: CreateProcess(NULL, arm-xilinx-eabi-gcc -O2 -c -g -I./. -I../../../include -o xuartps_options.o xuartps_options.c, ...) failed.
make (e=2): 系统找不到指定的文件。

make[1]: *** [xuartps_options.o] 错误 2
process_begin: CreateProcess(NULL, arm-xilinx-eabi-gcc -O2 -c -g -I./. -I../../../include -o xuartps_selftest.o xuartps_selftest.c, ...) failed.
make (e=2): 系统找不到指定的文件。

make[1]: *** [xuartps_selftest.o] 错误 2
process_begin: CreateProcess(NULL, arm-xilinx-eabi-gcc -O2 -c -g -I./. -I../../../include -o xuartps_sinit.o xuartps_sinit.c, ...) failed.
make (e=2): 系统找不到指定的文件。

make[1]: *** [xuartps_sinit.o] 错误 2
make[1]: 由于错误目标“libs”并未重新创建。
make: *** [ps7_cortexa9_0/libsrc/uartps_v2_2/src/make.libs] 错误 2
"Running Make libs in ps7_cortexa9_0/libsrc/usbps_v2_2/src"
make -C ps7_cortexa9_0/libsrc/usbps_v2_2/src -s libs  "SHELL=CMD" "COMPILER=arm-xilinx-eabi-gcc" "ARCHIVER=arm-xilinx-eabi-ar" "COMPILER_FLAGS=  -O2 -c" "EXTRA_COMPILER_FLAGS=-g"
"Compiling usbps"
process_begin: CreateProcess(NULL, arm-xilinx-eabi-gcc -O2 -c -g -I./. -I../../../include -o xusbps.o xusbps.c, ...) failed.
make (e=2): 系统找不到指定的文件。

make[1]: *** [xusbps.o] 错误 2
process_begin: CreateProcess(NULL, arm-xilinx-eabi-gcc -O2 -c -g -I./. -I../../../include -o xusbps_endpoint.o xusbps_endpoint.c, ...) failed.
make (e=2): 系统找不到指定的文件。

make[1]: *** [xusbps_endpoint.o] 错误 2
process_begin: CreateProcess(NULL, arm-xilinx-eabi-gcc -O2 -c -g -I./. -I../../../include -o xusbps_g.o xusbps_g.c, ...) failed.
make (e=2): 系统找不到指定的文件。

make[1]: *** [xusbps_g.o] 错误 2
process_begin: CreateProcess(NULL, arm-xilinx-eabi-gcc -O2 -c -g -I./. -I../../../include -o xusbps_hw.o xusbps_hw.c, ...) failed.
make (e=2): 系统找不到指定的文件。

make[1]: *** [xusbps_hw.o] 错误 2
process_begin: CreateProcess(NULL, arm-xilinx-eabi-gcc -O2 -c -g -I./. -I../../../include -o xusbps_intr.o xusbps_intr.c, ...) failed.
make (e=2): 系统找不到指定的文件。

make[1]: *** [xusbps_intr.o] 错误 2
process_begin: CreateProcess(NULL, arm-xilinx-eabi-gcc -O2 -c -g -I./. -I../../../include -o xusbps_sinit.o xusbps_sinit.c, ...) failed.
make (e=2): 系统找不到指定的文件。

make[1]: *** [xusbps_sinit.o] 错误 2
make[1]: 由于错误目标“libs”并未重新创建。
make: *** [ps7_cortexa9_0/libsrc/usbps_v2_2/src/make.libs] 错误 2
"Running Make libs in ps7_cortexa9_0/libsrc/xadcps_v2_1/src"
make -C ps7_cortexa9_0/libsrc/xadcps_v2_1/src -s libs  "SHELL=CMD" "COMPILER=arm-xilinx-eabi-gcc" "ARCHIVER=arm-xilinx-eabi-ar" "COMPILER_FLAGS=  -O2 -c" "EXTRA_COMPILER_FLAGS=-g"
"Compiling xadcps"
process_begin: CreateProcess(NULL, arm-xilinx-eabi-gcc -O2 -c -g -I./. -I../../../include -o xadcps.o xadcps.c, ...) failed.
make (e=2): 系统找不到指定的文件。

make[1]: *** [xadcps.o] 错误 2
process_begin: CreateProcess(NULL, arm-xilinx-eabi-gcc -O2 -c -g -I./. -I../../../include -o xadcps_g.o xadcps_g.c, ...) failed.
make (e=2): 系统找不到指定的文件。

make[1]: *** [xadcps_g.o] 错误 2
process_begin: CreateProcess(NULL, arm-xilinx-eabi-gcc -O2 -c -g -I./. -I../../../include -o xadcps_intr.o xadcps_intr.c, ...) failed.
make (e=2): 系统找不到指定的文件。

make[1]: *** [xadcps_intr.o] 错误 2
process_begin: CreateProcess(NULL, arm-xilinx-eabi-gcc -O2 -c -g -I./. -I../../../include -o xadcps_selftest.o xadcps_selftest.c, ...) failed.
make (e=2): 系统找不到指定的文件。

make[1]: *** [xadcps_selftest.o] 错误 2
process_begin: CreateProcess(NULL, arm-xilinx-eabi-gcc -O2 -c -g -I./. -I../../../include -o xadcps_sinit.o xadcps_sinit.c, ...) failed.
make (e=2): 系统找不到指定的文件。

make[1]: *** [xadcps_sinit.o] 错误 2
make[1]: 由于错误目标“libs”并未重新创建。
make: *** [ps7_cortexa9_0/libsrc/xadcps_v2_1/src/make.libs] 错误 2
make: 由于错误目标“all”并未重新创建。
00:17:55 **** Build of configuration Debug for project vHDMI ****
make all 
'Building file: ../src/cf_hdmi.c'
'Invoking: ARM gcc compiler'
arm-xilinx-eabi-gcc -Wall -O0 -g3 -I"D:\BaiduNetdiskDownload\crz01\CRZ01_DVD_V1.0\CRZ01_DVD_V1.0\CRZ01_DVD_V1.0\FPGA_RefDesign\21_Preload\SoC_HDMI\SoC_HDMI\PS_Embedded_Design.sdk\vHDMI\inc" -c -fmessage-length=0 -MT"src/cf_hdmi.o" -I../../standalone_bsp/ps7_cortexa9_0/include -MMD -MP -MF"src/cf_hdmi.d" -MT"src/cf_hdmi.o" -o "src/cf_hdmi.o" "../src/cf_hdmi.c"
'arm-xilinx-eabi-gcc' 不是内部或外部命令，也不是可运行的程序
或批处理文件。
make: *** [src/cf_hdmi.o] 错误 1
